Component: ARM Compiler 5.06 update 1 (build 61) Tool: armlink [4d35a8]

==============================================================================

Section Cross References

    palette.o(i.Command_Clear_Palette) refers to bsp_ili9341_lcd.o(i.LCD_SetColors) for LCD_SetColors
    palette.o(i.Command_Clear_Palette) refers to bsp_ili9341_lcd.o(i.ILI9341_DrawRectangle) for ILI9341_DrawRectangle
    palette.o(i.Command_Clear_Palette) refers to bsp_ili9341_lcd.o(.data) for LCD_Y_LENGTH
    palette.o(i.Command_Select_Brush) refers to bsp_ili9341_lcd.o(i.LCD_SetColors) for LCD_SetColors
    palette.o(i.Command_Select_Brush) refers to palette.o(.data) for brush
    palette.o(i.Command_Select_Color) refers to bsp_ili9341_lcd.o(i.LCD_SetColors) for LCD_SetColors
    palette.o(i.Command_Select_Color) refers to palette.o(.data) for brush
    palette.o(i.Draw_Clear_Button) refers to bsp_ili9341_lcd.o(i.LCD_SetColors) for LCD_SetColors
    palette.o(i.Draw_Clear_Button) refers to bsp_ili9341_lcd.o(i.ILI9341_DrawRectangle) for ILI9341_DrawRectangle
    palette.o(i.Draw_Clear_Button) refers to bsp_ili9341_lcd.o(i.LCD_SetFont) for LCD_SetFont
    palette.o(i.Draw_Clear_Button) refers to bsp_ili9341_lcd.o(i.ILI9341_DispString_EN_CH) for ILI9341_DispString_EN_CH
    palette.o(i.Draw_Clear_Button) refers to fonts.o(.data) for Font8x16
    palette.o(i.Draw_Color_Button) refers to bsp_ili9341_lcd.o(i.LCD_SetColors) for LCD_SetColors
    palette.o(i.Draw_Color_Button) refers to bsp_ili9341_lcd.o(i.ILI9341_DrawRectangle) for ILI9341_DrawRectangle
    palette.o(i.Draw_Shape_Button) refers to bsp_ili9341_lcd.o(i.LCD_SetColors) for LCD_SetColors
    palette.o(i.Draw_Shape_Button) refers to bsp_ili9341_lcd.o(i.ILI9341_DrawRectangle) for ILI9341_DrawRectangle
    palette.o(i.Draw_Shape_Button) refers to bsp_ili9341_lcd.o(i.ILI9341_DrawLine) for ILI9341_DrawLine
    palette.o(i.Draw_Shape_Button) refers to palette.o(i.LCD_DrawUniLineCircle) for LCD_DrawUniLineCircle
    palette.o(i.Draw_Shape_Button) refers to bsp_ili9341_lcd.o(i.ILI9341_DrawCircle) for ILI9341_DrawCircle
    palette.o(i.Draw_Shape_Button) refers to bsp_ili9341_lcd.o(i.LCD_SetFont) for LCD_SetFont
    palette.o(i.Draw_Shape_Button) refers to bsp_ili9341_lcd.o(i.ILI9341_DispString_EN_CH) for ILI9341_DispString_EN_CH
    palette.o(i.Draw_Shape_Button) refers to fonts.o(.data) for Font8x16
    palette.o(i.Draw_Trail) refers to bsp_ili9341_lcd.o(i.ILI9341_SetPointPixel) for ILI9341_SetPointPixel
    palette.o(i.Draw_Trail) refers to bsp_ili9341_lcd.o(i.ILI9341_DrawLine) for ILI9341_DrawLine
    palette.o(i.Draw_Trail) refers to palette.o(i.LCD_DrawUniLineCircle) for LCD_DrawUniLineCircle
    palette.o(i.Draw_Trail) refers to bsp_ili9341_lcd.o(i.ILI9341_DrawCircle) for ILI9341_DrawCircle
    palette.o(i.Draw_Trail) refers to bsp_ili9341_lcd.o(i.LCD_SetColors) for LCD_SetColors
    palette.o(i.Draw_Trail) refers to bsp_ili9341_lcd.o(i.ILI9341_DrawRectangle) for ILI9341_DrawRectangle
    palette.o(i.Draw_Trail) refers to bsp_ili9341_lcd.o(.data) for LCD_X_LENGTH
    palette.o(i.LCD_DrawUniLineCircle) refers to bsp_ili9341_lcd.o(i.ILI9341_DrawCircle) for ILI9341_DrawCircle
    palette.o(i.LCD_DrawUniLineCircle) refers to bsp_ili9341_lcd.o(.data) for LCD_X_LENGTH
    palette.o(i.Palette_Init) refers to bsp_ili9341_lcd.o(i.ILI9341_GramScan) for ILI9341_GramScan
    palette.o(i.Palette_Init) refers to bsp_ili9341_lcd.o(i.LCD_SetBackColor) for LCD_SetBackColor
    palette.o(i.Palette_Init) refers to bsp_ili9341_lcd.o(i.ILI9341_Clear) for ILI9341_Clear
    palette.o(i.Palette_Init) refers to palette.o(i.Touch_Button_Init) for Touch_Button_Init
    palette.o(i.Palette_Init) refers to bsp_ili9341_lcd.o(i.LCD_SetTextColor) for LCD_SetTextColor
    palette.o(i.Palette_Init) refers to bsp_ili9341_lcd.o(.data) for LCD_Y_LENGTH
    palette.o(i.Palette_Init) refers to palette.o(.bss) for button
    palette.o(i.Palette_Init) refers to palette.o(.data) for brush
    palette.o(i.Touch_Button_Down) refers to palette.o(.bss) for button
    palette.o(i.Touch_Button_Init) refers to palette.o(.bss) for button
    palette.o(i.Touch_Button_Init) refers to palette.o(i.Draw_Color_Button) for Draw_Color_Button
    palette.o(i.Touch_Button_Init) refers to palette.o(i.Command_Select_Color) for Command_Select_Color
    palette.o(i.Touch_Button_Init) refers to bsp_ili9341_lcd.o(.data) for LCD_Y_LENGTH
    palette.o(i.Touch_Button_Init) refers to palette.o(i.Draw_Clear_Button) for Draw_Clear_Button
    palette.o(i.Touch_Button_Init) refers to palette.o(i.Command_Clear_Palette) for Command_Clear_Palette
    palette.o(i.Touch_Button_Init) refers to palette.o(i.Draw_Shape_Button) for Draw_Shape_Button
    palette.o(i.Touch_Button_Init) refers to palette.o(i.Command_Select_Brush) for Command_Select_Brush
    palette.o(i.Touch_Button_Up) refers to palette.o(.bss) for button
    bsp_spi_flash.o(i.SPI_FLASH_BufferRead) refers to stm32f10x_gpio.o(i.GPIO_ResetBits) for GPIO_ResetBits
[...]
    Removing stm32f10x_tim.o(i.TIM_BDTRConfig), (32 bytes).
    Removing stm32f10x_tim.o(i.TIM_BDTRStructInit), (18 bytes).
    Removing stm32f10x_tim.o(i.TIM_CCPreloadControl), (24 bytes).
    Removing stm32f10x_tim.o(i.TIM_CCxCmd), (30 bytes).
    Removing stm32f10x_tim.o(i.TIM_CCxNCmd), (30 bytes).
    Removing stm32f10x_tim.o(i.TIM_ClearFlag), (6 bytes).
    Removing stm32f10x_tim.o(i.TIM_ClearITPendingBit), (6 bytes).
    Removing stm32f10x_tim.o(i.TIM_ClearOC1Ref), (18 bytes).
    Removing stm32f10x_tim.o(i.TIM_ClearOC2Ref), (24 bytes).
    Removing stm32f10x_tim.o(i.TIM_ClearOC3Ref), (18 bytes).
    Removing stm32f10x_tim.o(i.TIM_ClearOC4Ref), (24 bytes).
    Removing stm32f10x_tim.o(i.TIM_Cmd), (24 bytes).
    Removing stm32f10x_tim.o(i.TIM_CounterModeConfig), (18 bytes).
    Removing stm32f10x_tim.o(i.TIM_CtrlPWMOutputs), (30 bytes).
    Removing stm32f10x_tim.o(i.TIM_DMACmd), (18 bytes).
    Removing stm32f10x_tim.o(i.TIM_DMAConfig), (10 bytes).
    Removing stm32f10x_tim.o(i.TIM_DeInit), (488 bytes).
    Removing stm32f10x_tim.o(i.TIM_ETRClockMode1Config), (54 bytes).
    Removing stm32f10x_tim.o(i.TIM_ETRClockMode2Config), (32 bytes).
    Removing stm32f10x_tim.o(i.TIM_ETRConfig), (28 bytes).
    Removing stm32f10x_tim.o(i.TIM_EncoderInterfaceConfig), (66 bytes).
    Removing stm32f10x_tim.o(i.TIM_ForcedOC1Config), (18 bytes).
    Removing stm32f10x_tim.o(i.TIM_ForcedOC2Config), (26 bytes).
    Removing stm32f10x_tim.o(i.TIM_ForcedOC3Config), (18 bytes).
    Removing stm32f10x_tim.o(i.TIM_ForcedOC4Config), (26 bytes).
    Removing stm32f10x_tim.o(i.TIM_GenerateEvent), (4 bytes).
    Removing stm32f10x_tim.o(i.TIM_GetCapture1), (6 bytes).
    Removing stm32f10x_tim.o(i.TIM_GetCapture2), (6 bytes).
    Removing stm32f10x_tim.o(i.TIM_GetCapture3), (6 bytes).
    Removing stm32f10x_tim.o(i.TIM_GetCapture4), (8 bytes).
    Removing stm32f10x_tim.o(i.TIM_GetCounter), (6 bytes).
    Removing stm32f10x_tim.o(i.TIM_GetFlagStatus), (18 bytes).
    Removing stm32f10x_tim.o(i.TIM_GetITStatus), (34 bytes).
    Removing stm32f10x_tim.o(i.TIM_GetPrescaler), (6 bytes).
    Removing stm32f10x_tim.o(i.TIM_ICInit), (172 bytes).
    Removing stm32f10x_tim.o(i.TIM_ICStructInit), (18 bytes).
    Removing stm32f10x_tim.o(i.TIM_ITConfig), (18 bytes).
    Removing stm32f10x_tim.o(i.TIM_ITRxExternalClockConfig), (24 bytes).
    Removing stm32f10x_tim.o(i.TIM_InternalClockConfig), (12 bytes).
    Removing stm32f10x_tim.o(i.TIM_OC1FastConfig), (18 bytes).
    Removing stm32f10x_tim.o(i.TIM_OC1Init), (152 bytes).
    Removing stm32f10x_tim.o(i.TIM_OC1NPolarityConfig), (18 bytes).
    Removing stm32f10x_tim.o(i.TIM_OC1PolarityConfig), (18 bytes).
    Removing stm32f10x_tim.o(i.TIM_OC1PreloadConfig), (18 bytes).
    Removing stm32f10x_tim.o(i.TIM_OC2FastConfig), (26 bytes).
    Removing stm32f10x_tim.o(i.TIM_OC2Init), (164 bytes).
    Removing stm32f10x_tim.o(i.TIM_OC2NPolarityConfig), (26 bytes).
    Removing stm32f10x_tim.o(i.TIM_OC2PolarityConfig), (26 bytes).
    Removing stm32f10x_tim.o(i.TIM_OC2PreloadConfig), (26 bytes).
    Removing stm32f10x_tim.o(i.TIM_OC3FastConfig), (18 bytes).
    Removing stm32f10x_tim.o(i.TIM_OC3Init), (160 bytes).
    Removing stm32f10x_tim.o(i.TIM_OC3NPolarityConfig), (26 bytes).
    Removing stm32f10x_tim.o(i.TIM_OC3PolarityConfig), (26 bytes).
    Removing stm32f10x_tim.o(i.TIM_OC3PreloadConfig), (18 bytes).
    Removing stm32f10x_tim.o(i.TIM_OC4FastConfig), (26 bytes).
    Removing stm32f10x_tim.o(i.TIM_OC4Init), (124 bytes).
    Removing stm32f10x_tim.o(i.TIM_OC4PolarityConfig), (26 bytes).
    Removing stm32f10x_tim.o(i.TIM_OC4PreloadConfig), (26 bytes).
    Removing stm32f10x_tim.o(i.TIM_OCStructInit), (20 bytes).
    Removing stm32f10x_tim.o(i.TIM_PWMIConfig), (124 bytes).
    Removing stm32f10x_tim.o(i.TIM_PrescalerConfig), (6 bytes).
    Removing stm32f10x_tim.o(i.TIM_SelectCCDMA), (24 bytes).
    Removing stm32f10x_tim.o(i.TIM_SelectCOM), (24 bytes).
    Removing stm32f10x_tim.o(i.TIM_SelectHallSensor), (24 bytes).
    Removing stm32f10x_tim.o(i.TIM_SelectInputTrigger), (18 bytes).
    Removing stm32f10x_tim.o(i.TIM_SelectMasterSlaveMode), (18 bytes).
    Removing stm32f10x_tim.o(i.TIM_SelectOCxM), (82 bytes).
    Removing stm32f10x_tim.o(i.TIM_SelectOnePulseMode), (18 bytes).
    Removing stm32f10x_tim.o(i.TIM_SelectOutputTrigger), (18 bytes).
    Removing stm32f10x_tim.o(i.TIM_SelectSlaveMode), (18 bytes).
    Removing stm32f10x_tim.o(i.TIM_SetAutoreload), (4 bytes).
    Removing stm32f10x_tim.o(i.TIM_SetClockDivision), (18 bytes).
    Removing stm32f10x_tim.o(i.TIM_SetCompare1), (4 bytes).
    Removing stm32f10x_tim.o(i.TIM_SetCompare2), (4 bytes).
    Removing stm32f10x_tim.o(i.TIM_SetCompare3), (4 bytes).
    Removing stm32f10x_tim.o(i.TIM_SetCompare4), (6 bytes).
    Removing stm32f10x_tim.o(i.TIM_SetCounter), (4 bytes).
    Removing stm32f10x_tim.o(i.TIM_SetIC1Prescaler), (18 bytes).
    Removing stm32f10x_tim.o(i.TIM_SetIC2Prescaler), (26 bytes).
    Removing stm32f10x_tim.o(i.TIM_SetIC3Prescaler), (18 bytes).
    Removing stm32f10x_tim.o(i.TIM_SetIC4Prescaler), (26 bytes).
    Removing stm32f10x_tim.o(i.TIM_TIxExternalClockConfig), (62 bytes).
    Removing stm32f10x_tim.o(i.TIM_TimeBaseInit), (164 bytes).
    Removing stm32f10x_tim.o(i.TIM_TimeBaseStructInit), (18 bytes).
    Removing stm32f10x_tim.o(i.TIM_UpdateDisableConfig), (24 bytes).
    Removing stm32f10x_tim.o(i.TIM_UpdateRequestConfig), (24 bytes).
    Removing stm32f10x_usart.o(i.USART_ClearFlag), (18 bytes).
    Removing stm32f10x_usart.o(i.USART_ClearITPendingBit), (30 bytes).
    Removing stm32f10x_usart.o(i.USART_ClockInit), (34 bytes).
    Removing stm32f10x_usart.o(i.USART_ClockStructInit), (12 bytes).
    Removing stm32f10x_usart.o(i.USART_DMACmd), (18 bytes).
    Removing stm32f10x_usart.o(i.USART_DeInit), (156 bytes).
    Removing stm32f10x_usart.o(i.USART_GetITStatus), (84 bytes).
    Removing stm32f10x_usart.o(i.USART_HalfDuplexCmd), (24 bytes).
    Removing stm32f10x_usart.o(i.USART_ITConfig), (74 bytes).
    Removing stm32f10x_usart.o(i.USART_IrDACmd), (24 bytes).
    Removing stm32f10x_usart.o(i.USART_IrDAConfig), (18 bytes).
    Removing stm32f10x_usart.o(i.USART_LINBreakDetectLengthConfig), (18 bytes).
    Removing stm32f10x_usart.o(i.USART_LINCmd), (24 bytes).
    Removing stm32f10x_usart.o(i.USART_OneBitMethodCmd), (24 bytes).
    Removing stm32f10x_usart.o(i.USART_OverSampling8Cmd), (22 bytes).
    Removing stm32f10x_usart.o(i.USART_ReceiveData), (10 bytes).
    Removing stm32f10x_usart.o(i.USART_ReceiverWakeUpCmd), (24 bytes).
    Removing stm32f10x_usart.o(i.USART_SendBreak), (10 bytes).
    Removing stm32f10x_usart.o(i.USART_SetAddress), (18 bytes).
    Removing stm32f10x_usart.o(i.USART_SetGuardTime), (16 bytes).
    Removing stm32f10x_usart.o(i.USART_SetPrescaler), (16 bytes).
    Removing stm32f10x_usart.o(i.USART_SmartCardCmd), (24 bytes).
    Removing stm32f10x_usart.o(i.USART_SmartCardNACKCmd), (24 bytes).
    Removing stm32f10x_usart.o(i.USART_StructInit), (24 bytes).
    Removing stm32f10x_usart.o(i.USART_WakeUpConfig), (18 bytes).
    Removing stm32f10x_wwdg.o(i.WWDG_ClearFlag), (12 bytes).
    Removing stm32f10x_wwdg.o(i.WWDG_DeInit), (22 bytes).
    Removing stm32f10x_wwdg.o(i.WWDG_Enable), (16 bytes).
    Removing stm32f10x_wwdg.o(i.WWDG_EnableIT), (12 bytes).
    Removing stm32f10x_wwdg.o(i.WWDG_GetFlagStatus), (12 bytes).
    Removing stm32f10x_wwdg.o(i.WWDG_SetCounter), (16 bytes).
    Removing stm32f10x_wwdg.o(i.WWDG_SetPrescaler), (24 bytes).
    Removing stm32f10x_wwdg.o(i.WWDG_SetWindowValue), (40 bytes).
    Removing os_cpu_c.o(i.OSInitHookBegin), (2 bytes).
    Removing os_cpu_c.o(i.OSInitHookEnd), (2 bytes).
    Removing os_cpu_c.o(i.OSTCBInitHook), (2 bytes).
    Removing os_cpu_c.o(i.OSTaskCreateHook), (2 bytes).
    Removing os_cpu_c.o(i.OSTaskDelHook), (2 bytes).
    Removing os_cpu_c.o(i.OSTaskIdleHook), (2 bytes).
    Removing os_cpu_c.o(i.OSTaskReturnHook), (2 bytes).
    Removing os_cpu_c.o(i.OSTaskStatHook), (2 bytes).
    Removing os_cpu_c.o(i.OSTaskStkInit), (154 bytes).
    Removing os_dbg.o(.constdata), (2 bytes).
    Removing os_core.o(i.OSInit), (36 bytes).
    Removing os_core.o(i.OSIntEnter), (36 bytes).
    Removing os_core.o(i.OSSchedLock), (64 bytes).
    Removing os_core.o(i.OSSchedUnlock), (96 bytes).
    Removing os_core.o(i.OSStart), (72 bytes).
    Removing os_core.o(i.OSStatInit), (76 bytes).
    Removing os_core.o(i.OSVersion), (6 bytes).
    Removing os_core.o(i.OS_Dummy), (2 bytes).
    Removing os_core.o(i.OS_InitEventList), (2 bytes).
    Removing os_core.o(i.OS_InitMisc), (84 bytes).
    Removing os_core.o(i.OS_InitRdyList), (68 bytes).
    Removing os_core.o(i.OS_InitTCBList), (116 bytes).
    Removing os_core.o(i.OS_InitTaskIdle), (80 bytes).
    Removing os_core.o(i.OS_InitTaskStat), (80 bytes).
    Removing os_core.o(i.OS_MemClr), (18 bytes).
    Removing os_core.o(i.OS_MemCopy), (20 bytes).
    Removing os_core.o(i.OS_Sched), (116 bytes).
    Removing os_core.o(i.OS_StrLen), (20 bytes).
    Removing os_core.o(i.OS_TCBInit), (296 bytes).
    Removing os_core.o(i.OS_TaskIdle), (40 bytes).
    Removing os_core.o(i.OS_TaskStat), (136 bytes).
    Removing os_core.o(i.OS_TaskStatStkChk), (60 bytes).
    Removing os_task.o(i.OSTaskChangePrio), (264 bytes).
    Removing os_task.o(i.OSTaskCreate), (160 bytes).
    Removing os_task.o(i.OSTaskCreateExt), (184 bytes).
    Removing os_task.o(i.OSTaskDel), (312 bytes).
    Removing os_task.o(i.OSTaskDelReq), (108 bytes).
    Removing os_task.o(i.OSTaskNameGet), (128 bytes).
    Removing os_task.o(i.OSTaskNameSet), (112 bytes).
    Removing os_task.o(i.OSTaskQuery), (92 bytes).
    Removing os_task.o(i.OSTaskRegGet), (68 bytes).
    Removing os_task.o(i.OSTaskRegSet), (72 bytes).
    Removing os_task.o(i.OSTaskResume), (172 bytes).
    Removing os_task.o(i.OSTaskStkChk), (140 bytes).
    Removing os_task.o(i.OSTaskSuspend), (168 bytes).
    Removing os_task.o(i.OS_TaskReturn), (24 bytes).
    Removing os_task.o(i.OS_TaskStkClr), (26 bytes).
    Removing os_time.o(i.OSTimeDly), (120 bytes).
    Removing os_time.o(i.OSTimeDlyHMSM), (96 bytes).
    Removing os_time.o(i.OSTimeDlyResume), (180 bytes).
    Removing os_time.o(i.OSTimeGet), (28 bytes).
    Removing os_time.o(i.OSTimeSet), (28 bytes).
    Removing dadd.o(.text), (334 bytes).
    Removing dfixul.o(.text), (48 bytes).
    Removing cdrcmple.o(.text), (48 bytes).
    Removing bsp_ili9341_lcd.o(i.ILI9341_Read_Data), (12 bytes).

541 unused section(s) (total 43060 bytes) removed from the image.

==============================================================================

Image Symbol Table

    Local Symbols

    Symbol Name                              Value     Ov Type        Size  Object(Section)

    ../clib/../cmprslib/zerorunl2.c          0x00000000   Number         0  __dczerorl2.o ABSOLUTE
    ../clib/microlib/division.c              0x00000000   Number         0  uidiv.o ABSOLUTE
    ../clib/microlib/division.c              0x00000000   Number         0  uldiv.o ABSOLUTE
    ../clib/microlib/init/entry.s            0x00000000   Number         0  entry2.o ABSOLUTE
    ../clib/microlib/init/entry.s            0x00000000   Number         0  entry11a.o ABSOLUTE
    ../clib/microlib/init/entry.s            0x00000000   Number         0  entry9b.o ABSOLUTE
    ../clib/microlib/init/entry.s            0x00000000   Number         0  entry11b.o ABSOLUTE
    ../clib/microlib/init/entry.s            0x00000000   Number         0  entry9a.o ABSOLUTE
    ../clib/microlib/init/entry.s            0x00000000   Number         0  entry8a.o ABSOLUTE
    ../clib/microlib/init/entry.s            0x00000000   Number         0  entry8b.o ABSOLUTE
    ../clib/microlib/init/entry.s            0x00000000   Number         0  entry10b.o ABSOLUTE
    ../clib/microlib/init/entry.s            0x00000000   Number         0  entry7b.o ABSOLUTE
    ../clib/microlib/init/entry.s            0x00000000   Number         0  entry7a.o ABSOLUTE
    ../clib/microlib/init/entry.s            0x00000000   Number         0  entry.o ABSOLUTE
    ../clib/microlib/init/entry.s            0x00000000   Number         0  entry5.o ABSOLUTE
    ../clib/microlib/init/entry.s            0x00000000   Number         0  entry10a.o ABSOLUTE
    ../clib/microlib/longlong.c              0x00000000   Number         0  llushr.o ABSOLUTE
    ../clib/microlib/longlong.c              0x00000000   Number         0  llshl.o ABSOLUTE
    ../clib/microlib/longlong.c              0x00000000   Number         0  llsshr.o ABSOLUTE
    ../clib/microlib/printf/printf.c         0x00000000   Number         0  printf4.o ABSOLUTE
    ../clib/microlib/printf/printf.c         0x00000000   Number         0  printf5.o ABSOLUTE
    ../clib/microlib/printf/printf.c         0x00000000   Number         0  printf6.o ABSOLUTE
    ../clib/microlib/printf/printf.c         0x00000000   Number         0  printfa.o ABSOLUTE
    ../clib/microlib/printf/printf.c         0x00000000   Number         0  printf3.o ABSOLUTE
    ../clib/microlib/printf/printf.c         0x00000000   Number         0  printf7.o ABSOLUTE
    ../clib/microlib/printf/printf.c         0x00000000   Number         0  printf0.o ABSOLUTE
    ../clib/microlib/printf/printf.c         0x00000000   Number         0  printf8.o ABSOLUTE
    ../clib/microlib/printf/printf.c         0x00000000   Number         0  printf1.o ABSOLUTE
    ../clib/microlib/printf/printf.c         0x00000000   Number         0  printf2.o ABSOLUTE
    ../clib/microlib/printf/printf.c         0x00000000   Number         0  printfb.o ABSOLUTE
    ../clib/microlib/printf/stubs.s          0x00000000   Number         0  stubs.o ABSOLUTE
    ../clib/microlib/stdio/streams.c         0x00000000   Number         0  stdout.o ABSOLUTE
    ../clib/microlib/string/memset.c         0x00000000   Number         0  memseta.o ABSOLUTE
    ../clib/microlib/string/strlen.c         0x00000000   Number         0  strlen.o ABSOLUTE
    ../clib/microlib/stubs.s                 0x00000000   Number         0  iusefp.o ABSOLUTE
    ../fplib/microlib/d2f.c                  0x00000000   Number         0  d2f.o ABSOLUTE
    ../fplib/microlib/f2d.c                  0x00000000   Number         0  f2d.o ABSOLUTE
    ../fplib/microlib/fpadd.c                0x00000000   Number         0  dadd.o ABSOLUTE
    ../fplib/microlib/fpadd.c                0x00000000   Number         0  fadd.o ABSOLUTE
    ../fplib/microlib/fpdiv.c                0x00000000   Number         0  ddiv.o ABSOLUTE
    ../fplib/microlib/fpdiv.c                0x00000000   Number         0  fdiv.o ABSOLUTE
    ../fplib/microlib/fpepilogue.c           0x00000000   Number         0  fepilogue.o ABSOLUTE
    ../fplib/microlib/fpepilogue.c           0x00000000   Number         0  depilogue.o ABSOLUTE
    ../fplib/microlib/fpfix.c                0x00000000   Number         0  ffixi.o ABSOLUTE
    ../fplib/microlib/fpfix.c                0x00000000   Number         0  dfixul.o ABSOLUTE
    ../fplib/microlib/fpfix.c                0x00000000   Number         0  ffixui.o ABSOLUTE
    ../fplib/microlib/fpflt.c                0x00000000   Number         0  fflti.o ABSOLUTE
    ../fplib/microlib/fpmul.c                0x00000000   Number         0  dmul.o ABSOLUTE
    ../fplib/microlib/fpmul.c                0x00000000   Number         0  fmul.o ABSOLUTE
    ..\..\App\app.c                          0x00000000   Number         0  app.o ABSOLUTE
    ..\..\Bsp\SysTick\bsp_SysTick.c          0x00000000   Number         0  bsp_systick.o ABSOLUTE
    ..\..\Bsp\flash\bsp_spi_flash.c          0x00000000   Number         0  bsp_spi_flash.o ABSOLUTE
    ..\..\Bsp\font\fonts.c                   0x00000000   Number         0  fonts.o ABSOLUTE
    ..\..\Bsp\lcd\bsp_ili9341_lcd.c          0x00000000   Number         0  bsp_ili9341_lcd.o ABSOLUTE
    ..\..\Bsp\lcd\bsp_xpt2046_lcd.c          0x00000000   Number         0  bsp_xpt2046_lcd.o ABSOLUTE
    ..\..\Bsp\led\bsp_led.c                  0x00000000   Number         0  bsp_led.o ABSOLUTE
    ..\..\Bsp\palette.c                      0x00000000   Number         0  palette.o ABSOLUTE
    ..\..\Bsp\usart\bsp_usart.c              0x00000000   Number         0  bsp_usart.o ABSOLUTE
    ..\..\Libraries\CMSIS\core_cm3.c         0x00000000   Number         0  core_cm3.o ABSOLUTE
    ..\..\Libraries\CMSIS\startup\startup_stm32f10x_hd.s 0x00000000   Number         0  startup_stm32f10x_hd.o ABSOLUTE
    ..\..\Libraries\CMSIS\system_stm32f10x.c 0x00000000   Number         0  system_stm32f10x.o ABSOLUTE
    ..\..\Libraries\FWlib\src\misc.c         0x00000000   Number         0  misc.o ABSOLUTE
    ..\..\Libraries\FWlib\src\stm32f10x_adc.c 0x00000000   Number         0  stm32f10x_adc.o ABSOLUTE
    ..\..\Libraries\FWlib\src\stm32f10x_bkp.c 0x00000000   Number         0  stm32f10x_bkp.o ABSOLUTE
    ..\..\Libraries\FWlib\src\stm32f10x_can.c 0x00000000   Number         0  stm32f10x_can.o ABSOLUTE
    ..\..\Libraries\FWlib\src\stm32f10x_cec.c 0x00000000   Number         0  stm32f10x_cec.o ABSOLUTE
    ..\..\Libraries\FWlib\src\stm32f10x_crc.c 0x00000000   Number         0  stm32f10x_crc.o ABSOLUTE
    ..\..\Libraries\FWlib\src\stm32f10x_dac.c 0x00000000   Number         0  stm32f10x_dac.o ABSOLUTE
    ..\..\Libraries\FWlib\src\stm32f10x_dbgmcu.c 0x00000000   Number         0  stm32f10x_dbgmcu.o ABSOLUTE
    ..\..\Libraries\FWlib\src\stm32f10x_dma.c 0x00000000   Number         0  stm32f10x_dma.o ABSOLUTE
    ..\..\Libraries\FWlib\src\stm32f10x_exti.c 0x00000000   Number         0  stm32f10x_exti.o ABSOLUTE
    ..\..\Libraries\FWlib\src\stm32f10x_flash.c 0x00000000   Number         0  stm32f10x_flash.o ABSOLUTE
    ..\..\Libraries\FWlib\src\stm32f10x_fsmc.c 0x00000000   Number         0  stm32f10x_fsmc.o ABSOLUTE
    ..\..\Libraries\FWlib\src\stm32f10x_gpio.c 0x00000000   Number         0  stm32f10x_gpio.o ABSOLUTE
    ..\..\Libraries\FWlib\src\stm32f10x_i2c.c 0x00000000   Number         0  stm32f10x_i2c.o ABSOLUTE
    ..\..\Libraries\FWlib\src\stm32f10x_iwdg.c 0x00000000   Number         0  stm32f10x_iwdg.o ABSOLUTE
    ..\..\Libraries\FWlib\src\stm32f10x_pwr.c 0x00000000   Number         0  stm32f10x_pwr.o ABSOLUTE
    ..\..\Libraries\FWlib\src\stm32f10x_rcc.c 0x00000000   Number         0  stm32f10x_rcc.o ABSOLUTE
    ..\..\Libraries\FWlib\src\stm32f10x_rtc.c 0x00000000   Number         0  stm32f10x_rtc.o ABSOLUTE
    ..\..\Libraries\FWlib\src\stm32f10x_sdio.c 0x00000000   Number         0  stm32f10x_sdio.o ABSOLUTE
    ..\..\Libraries\FWlib\src\stm32f10x_spi.c 0x00000000   Number         0  stm32f10x_spi.o ABSOLUTE
    ..\..\Libraries\FWlib\src\stm32f10x_tim.c 0x00000000   Number         0  stm32f10x_tim.o ABSOLUTE
    ..\..\Libraries\FWlib\src\stm32f10x_usart.c 0x00000000   Number         0  stm32f10x_usart.o ABSOLUTE
    ..\..\Libraries\FWlib\src\stm32f10x_wwdg.c 0x00000000   Number         0  stm32f10x_wwdg.o ABSOLUTE
    ..\..\UCOSII\Core\os_core.c              0x00000000   Number         0  os_core.o ABSOLUTE
    ..\..\UCOSII\Core\os_flag.c              0x00000000   Number         0  os_flag.o ABSOLUTE
    ..\..\UCOSII\Core\os_mbox.c              0x00000000   Number         0  os_mbox.o ABSOLUTE
    ..\..\UCOSII\Core\os_mem.c               0x00000000   Number         0  os_mem.o ABSOLUTE
    ..\..\UCOSII\Core\os_mutex.c             0x00000000   Number         0  os_mutex.o ABSOLUTE
    ..\..\UCOSII\Core\os_q.c                 0x00000000   Number         0  os_q.o ABSOLUTE
    ..\..\UCOSII\Core\os_sem.c               0x00000000   Number         0  os_sem.o ABSOLUTE
    ..\..\UCOSII\Core\os_task.c              0x00000000   Number         0  os_task.o ABSOLUTE
    ..\..\UCOSII\Core\os_time.c              0x00000000   Number         0  os_time.o ABSOLUTE
    ..\..\UCOSII\Core\os_tmr.c               0x00000000   Number         0  os_tmr.o ABSOLUTE
    ..\..\UCOSII\Port\os_cpu_a.asm           0x00000000   Number         0  os_cpu_a.o ABSOLUTE
    ..\..\UCOSII\Port\os_cpu_c.c             0x00000000   Number         0  os_cpu_c.o ABSOLUTE
    ..\..\UCOSII\Port\os_dbg.c               0x00000000   Number         0  os_dbg.o ABSOLUTE
    ..\..\User\main.c                        0x00000000   Number         0  main.o ABSOLUTE
    ..\..\User\stm32f10x_it.c                0x00000000   Number         0  stm32f10x_it.o ABSOLUTE
    ..\\..\\Libraries\\CMSIS\\core_cm3.c     0x00000000   Number         0  core_cm3.o ABSOLUTE
    cdrcmple.s                               0x00000000   Number         0  cdrcmple.o ABSOLUTE
    cfcmple.s                                0x00000000   Number         0  cfcmple.o ABSOLUTE
    dc.s                                     0x00000000   Number         0  dc.o ABSOLUTE
    handlers.s                               0x00000000   Number         0  handlers.o ABSOLUTE
    init.s                                   0x00000000   Number         0  init.o ABSOLUTE
    RESET                                    0x08000000   Section      304  startup_stm32f10x_hd.o(RESET)
    .ARM.Collect$$$$00000000                 0x08000130   Section        0  entry.o(.ARM.Collect$$$$00000000)
    .ARM.Collect$$$$00000001                 0x08000130   Section        4  entry2.o(.ARM.Collect$$$$00000001)
    .ARM.Collect$$$$00000004                 0x08000134   Section        4  entry5.o(.ARM.Collect$$$$00000004)
    .ARM.Collect$$$$00000008                 0x08000138   Section        0  entry7b.o(.ARM.Collect$$$$00000008)
    .ARM.Collect$$$$0000000A                 0x08000138   Section        0  entry8b.o(.ARM.Collect$$$$0000000A)
    .ARM.Collect$$$$0000000B                 0x08000138   Section        8  entry9a.o(.ARM.Collect$$$$0000000B)
    .ARM.Collect$$$$0000000D                 0x08000140   Section        0  entry10a.o(.ARM.Collect$$$$0000000D)
    .ARM.Collect$$$$0000000F                 0x08000140   Section        0  entry11a.o(.ARM.Collect$$$$0000000F)
    .ARM.Collect$$$$00002712                 0x08000140   Section        4  entry2.o(.ARM.Collect$$$$00002712)
    __lit__00000000                          0x08000140   Data           4  entry2.o(.ARM.Collect$$$$00002712)
    .text                                    0x08000144   Section       36  startup_stm32f10x_hd.o(.text)
    .text                                    0x08000168   Section      164  os_cpu_a.o(.text)
    .text                                    0x0800020c   Section        0  memseta.o(.text)
    .text                                    0x08000230   Section        0  strlen.o(.text)
    .text                                    0x0800023e   Section        0  fadd.o(.text)
    .text                                    0x080002ee   Section        0  fmul.o(.text)
    .text                                    0x08000352   Section        0  fdiv.o(.text)
    .text                                    0x080003ce   Section        0  dmul.o(.text)
    .text                                    0x080004b2   Section        0  ddiv.o(.text)
    .text                                    0x08000590   Section        0  fflti.o(.text)
    .text                                    0x080005a2   Section        0  ffixi.o(.text)
    .text                                    0x080005d4   Section        0  ffixui.o(.text)
    .text                                    0x080005fc   Section        0  f2d.o(.text)
    .text                                    0x08000622   Section        0  d2f.o(.text)
    .text                                    0x0800065c   Section       20  cfcmple.o(.text)
    .text                                    0x08000670   Section        0  uidiv.o(.text)
    .text                                    0x0800069c   Section        0  fepilogue.o(.text)
    .text                                    0x0800069c   Section        0  iusefp.o(.text)
    .text                                    0x0800070a   Section        0  depilogue.o(.text)
    .text                                    0x080007c4   Section       36  init.o(.text)
    .text                                    0x080007e8   Section        0  llshl.o(.text)
    .text                                    0x08000806   Section        0  llushr.o(.text)
    .text                                    0x08000826   Section        0  __dczerorl2.o(.text)
    i.BusFault_Handler                       0x0800087c   Section        0  stm32f10x_it.o(i.BusFault_Handler)
    i.Calibrate_or_Get_TouchParaWithFlash    0x08000880   Section        0  bsp_xpt2046_lcd.o(i.Calibrate_or_Get_TouchParaWithFlash)
    i.Command_Clear_Palette                  0x0800090c   Section        0  palette.o(i.Command_Clear_Palette)
    Command_Clear_Palette                    0x0800090d   Thumb Code    42  palette.o(i.Command_Clear_Palette)
    i.Command_Select_Brush                   0x08000940   Section        0  palette.o(i.Command_Select_Brush)
    Command_Select_Brush                     0x08000941   Thumb Code    26  palette.o(i.Command_Select_Brush)
    i.Command_Select_Color                   0x08000960   Section        0  palette.o(i.Command_Select_Color)
    Command_Select_Color                     0x08000961   Thumb Code    40  palette.o(i.Command_Select_Color)
    i.DebugMon_Handler                       0x0800098c   Section        0  stm32f10x_it.o(i.DebugMon_Handler)
    i.Draw_Clear_Button                      0x08000990   Section        0  palette.o(i.Draw_Clear_Button)
    Draw_Clear_Button                        0x08000991   Thumb Code   262  palette.o(i.Draw_Clear_Button)
    i.Draw_Color_Button                      0x08000aa4   Section        0  palette.o(i.Draw_Color_Button)
    Draw_Color_Button                        0x08000aa5   Thumb Code   132  palette.o(i.Draw_Color_Button)
    i.Draw_Shape_Button                      0x08000b28   Section        0  palette.o(i.Draw_Shape_Button)
    Draw_Shape_Button                        0x08000b29   Thumb Code  1078  palette.o(i.Draw_Shape_Button)
    i.Draw_Trail                             0x08000f6c   Section        0  palette.o(i.Draw_Trail)
    i.FSMC_NORSRAMCmd                        0x0800111c   Section        0  stm32f10x_fsmc.o(i.FSMC_NORSRAMCmd)
    i.FSMC_NORSRAMInit                       0x08001150   Section        0  stm32f10x_fsmc.o(i.FSMC_NORSRAMInit)
    i.GPIO_Init                              0x08001236   Section        0  stm32f10x_gpio.o(i.GPIO_Init)
    i.GPIO_ReadInputDataBit                  0x0800134c   Section        0  stm32f10x_gpio.o(i.GPIO_ReadInputDataBit)
    i.GPIO_ResetBits                         0x0800135e   Section        0  stm32f10x_gpio.o(i.GPIO_ResetBits)
    i.GPIO_SetBits                           0x08001362   Section        0  stm32f10x_gpio.o(i.GPIO_SetBits)
    i.GetGBKCode_from_EXFlash                0x08001368   Section        0  fonts.o(i.GetGBKCode_from_EXFlash)
    i.HardFault_Handler                      0x080013bc   Section        0  stm32f10x_it.o(i.HardFault_Handler)
    i.ILI9341_BackLed_Control                0x080013c0   Section        0  bsp_ili9341_lcd.o(i.ILI9341_BackLed_Control)
    i.ILI9341_Clear                          0x080013e4   Section        0  bsp_ili9341_lcd.o(i.ILI9341_Clear)
    i.ILI9341_Delay                          0x08001410   Section        0  bsp_ili9341_lcd.o(i.ILI9341_Delay)
    ILI9341_Delay                            0x08001411   Thumb Code    18  bsp_ili9341_lcd.o(i.ILI9341_Delay)
    i.ILI9341_DispChar_CH                    0x08001424   Section        0  bsp_ili9341_lcd.o(i.ILI9341_DispChar_CH)
    i.ILI9341_DispChar_EN                    0x080014a8   Section        0  bsp_ili9341_lcd.o(i.ILI9341_DispChar_EN)
    i.ILI9341_DispStringLine_EN              0x08001540   Section        0  bsp_ili9341_lcd.o(i.ILI9341_DispStringLine_EN)
    i.ILI9341_DispString_EN_CH               0x080015a8   Section        0  bsp_ili9341_lcd.o(i.ILI9341_DispString_EN_CH)
    i.ILI9341_DrawCircle                     0x0800165c   Section        0  bsp_ili9341_lcd.o(i.ILI9341_DrawCircle)
    i.ILI9341_DrawCross                      0x08001794   Section        0  bsp_xpt2046_lcd.o(i.ILI9341_DrawCross)
    ILI9341_DrawCross                        0x08001795   Thumb Code    44  bsp_xpt2046_lcd.o(i.ILI9341_DrawCross)
    i.ILI9341_DrawLine                       0x080017c0   Section        0  bsp_ili9341_lcd.o(i.ILI9341_DrawLine)
    i.ILI9341_DrawRectangle                  0x08001860   Section        0  bsp_ili9341_lcd.o(i.ILI9341_DrawRectangle)
    i.ILI9341_FSMC_Config                    0x080018e8   Section        0  bsp_ili9341_lcd.o(i.ILI9341_FSMC_Config)
    ILI9341_FSMC_Config                      0x080018e9   Thumb Code    94  bsp_ili9341_lcd.o(i.ILI9341_FSMC_Config)
    i.ILI9341_FillColor                      0x08001946   Section        0  bsp_ili9341_lcd.o(i.ILI9341_FillColor)
    ILI9341_FillColor                        0x08001947   Thumb Code    32  bsp_ili9341_lcd.o(i.ILI9341_FillColor)
    i.ILI9341_GPIO_Config                    0x08001968   Section        0  bsp_ili9341_lcd.o(i.ILI9341_GPIO_Config)
    ILI9341_GPIO_Config                      0x08001969   Thumb Code   398  bsp_ili9341_lcd.o(i.ILI9341_GPIO_Config)
    i.ILI9341_GramScan                       0x08001b00   Section        0  bsp_ili9341_lcd.o(i.ILI9341_GramScan)
    i.ILI9341_Init                           0x08001bb8   Section        0  bsp_ili9341_lcd.o(i.ILI9341_Init)
    i.ILI9341_OpenWindow                     0x08001be0   Section        0  bsp_ili9341_lcd.o(i.ILI9341_OpenWindow)
    i.ILI9341_REG_Config                     0x08001c40   Section        0  bsp_ili9341_lcd.o(i.ILI9341_REG_Config)
    ILI9341_REG_Config                       0x08001c41   Thumb Code   556  bsp_ili9341_lcd.o(i.ILI9341_REG_Config)
    i.ILI9341_Rst                            0x08001e70   Section        0  bsp_ili9341_lcd.o(i.ILI9341_Rst)
    i.ILI9341_SetCursor                      0x08001e98   Section        0  bsp_ili9341_lcd.o(i.ILI9341_SetCursor)
    ILI9341_SetCursor                        0x08001e99   Thumb Code    20  bsp_ili9341_lcd.o(i.ILI9341_SetCursor)
    i.ILI9341_SetPointPixel                  0x08001eac   Section        0  bsp_ili9341_lcd.o(i.ILI9341_SetPointPixel)
    i.ILI9341_Write_Cmd                      0x08001ee4   Section        0  bsp_ili9341_lcd.o(i.ILI9341_Write_Cmd)
    i.ILI9341_Write_Data                     0x08001eec   Section        0  bsp_ili9341_lcd.o(i.ILI9341_Write_Data)
    i.LCD_DrawUniLineCircle                  0x08001ef8   Section        0  palette.o(i.LCD_DrawUniLineCircle)
    LCD_DrawUniLineCircle                    0x08001ef9   Thumb Code   346  palette.o(i.LCD_DrawUniLineCircle)
    i.LCD_GetFont                            0x0800205c   Section        0  bsp_ili9341_lcd.o(i.LCD_GetFont)
    i.LCD_SetBackColor                       0x08002068   Section        0  bsp_ili9341_lcd.o(i.LCD_SetBackColor)
    i.LCD_SetColors                          0x08002074   Section        0  bsp_ili9341_lcd.o(i.LCD_SetColors)
    i.LCD_SetFont                            0x08002088   Section        0  bsp_ili9341_lcd.o(i.LCD_SetFont)
    i.LCD_SetTextColor                       0x08002094   Section        0  bsp_ili9341_lcd.o(i.LCD_SetTextColor)
    i.LED_GPIO_Config                        0x080020a0   Section        0  bsp_led.o(i.LED_GPIO_Config)
    i.MemManage_Handler                      0x08002100   Section        0  stm32f10x_it.o(i.MemManage_Handler)
    i.NMI_Handler                            0x08002104   Section        0  stm32f10x_it.o(i.NMI_Handler)
    i.OSIntExit                              0x08002108   Section        0  os_core.o(i.OSIntExit)
    i.OSTaskSwHook                           0x08002198   Section        0  os_cpu_c.o(i.OSTaskSwHook)
    i.OSTimeTick                             0x0800219c   Section        0  os_core.o(i.OSTimeTick)
    i.OSTimeTickHook                         0x08002288   Section        0  os_cpu_c.o(i.OSTimeTickHook)
    i.OS_SchedNew                            0x0800228c   Section        0  os_core.o(i.OS_SchedNew)
    OS_SchedNew                              0x0800228d   Thumb Code    26  os_core.o(i.OS_SchedNew)
    i.Palette_Init                           0x080022b8   Section        0  palette.o(i.Palette_Init)
    i.RCC_AHBPeriphClockCmd                  0x08002324   Section        0  stm32f10x_rcc.o(i.RCC_AHBPeriphClockCmd)
    i.RCC_APB2PeriphClockCmd                 0x08002344   Section        0  stm32f10x_rcc.o(i.RCC_APB2PeriphClockCmd)
    i.RCC_GetClocksFreq                      0x08002364   Section        0  stm32f10x_rcc.o(i.RCC_GetClocksFreq)
    i.SPI_Cmd                                0x08002438   Section        0  stm32f10x_spi.o(i.SPI_Cmd)
    i.SPI_FLASH_BufferRead                   0x08002450   Section        0  bsp_spi_flash.o(i.SPI_FLASH_BufferRead)
    i.SPI_FLASH_BufferWrite                  0x080024a0   Section        0  bsp_spi_flash.o(i.SPI_FLASH_BufferWrite)
    i.SPI_FLASH_Init                         0x080025c4   Section        0  bsp_spi_flash.o(i.SPI_FLASH_Init)
    i.SPI_FLASH_PageWrite                    0x08002684   Section        0  bsp_spi_flash.o(i.SPI_FLASH_PageWrite)
    i.SPI_FLASH_SectorErase                  0x08002720   Section        0  bsp_spi_flash.o(i.SPI_FLASH_SectorErase)
    i.SPI_FLASH_SendByte                     0x08002764   Section        0  bsp_spi_flash.o(i.SPI_FLASH_SendByte)
    i.SPI_FLASH_WaitForWriteEnd              0x080027dc   Section        0  bsp_spi_flash.o(i.SPI_FLASH_WaitForWriteEnd)
    i.SPI_FLASH_WriteEnable                  0x08002810   Section        0  bsp_spi_flash.o(i.SPI_FLASH_WriteEnable)
    i.SPI_I2S_GetFlagStatus                  0x08002830   Section        0  stm32f10x_spi.o(i.SPI_I2S_GetFlagStatus)
    i.SPI_I2S_ReceiveData                    0x08002842   Section        0  stm32f10x_spi.o(i.SPI_I2S_ReceiveData)
    i.SPI_I2S_SendData                       0x08002848   Section        0  stm32f10x_spi.o(i.SPI_I2S_SendData)
    i.SPI_Init                               0x0800284c   Section        0  stm32f10x_spi.o(i.SPI_Init)
    i.SPI_TIMEOUT_UserCallback               0x08002888   Section        0  bsp_spi_flash.o(i.SPI_TIMEOUT_UserCallback)
    SPI_TIMEOUT_UserCallback                 0x08002889   Thumb Code    16  bsp_spi_flash.o(i.SPI_TIMEOUT_UserCallback)
    i.SVC_Handler                            0x080028c8   Section        0  stm32f10x_it.o(i.SVC_Handler)
    i.SetSysClock                            0x080028ca   Section        0  system_stm32f10x.o(i.SetSysClock)
    SetSysClock                              0x080028cb   Thumb Code     8  system_stm32f10x.o(i.SetSysClock)
    i.SetSysClockTo72                        0x080028d4   Section        0  system_stm32f10x.o(i.SetSysClockTo72)
    SetSysClockTo72                          0x080028d5   Thumb Code   214  system_stm32f10x.o(i.SetSysClockTo72)
    i.SysTick_Handler                        0x080029b4   Section        0  stm32f10x_it.o(i.SysTick_Handler)
    i.SystemInit                             0x080029dc   Section        0  system_stm32f10x.o(i.SystemInit)
    i.Touch_Button_Down                      0x08002a3c   Section        0  palette.o(i.Touch_Button_Down)
    i.Touch_Button_Init                      0x08002af4   Section        0  palette.o(i.Touch_Button_Init)
    i.Touch_Button_Up                        0x08002e28   Section        0  palette.o(i.Touch_Button_Up)
    i.USART_Cmd                              0x08002eb8   Section        0  stm32f10x_usart.o(i.USART_Cmd)
    i.USART_Config                           0x08002ed0   Section        0  bsp_usart.o(i.USART_Config)
    i.USART_GetFlagStatus                    0x08002f50   Section        0  stm32f10x_usart.o(i.USART_GetFlagStatus)
    i.USART_Init                             0x08002f6c   Section        0  stm32f10x_usart.o(i.USART_Init)
    i.USART_SendData                         0x08003044   Section        0  stm32f10x_usart.o(i.USART_SendData)
    i.UsageFault_Handler                     0x0800304c   Section        0  stm32f10x_it.o(i.UsageFault_Handler)
    i.XPT2046_Calculate_CalibrationFactor    0x08003050   Section        0  bsp_xpt2046_lcd.o(i.XPT2046_Calculate_CalibrationFactor)
    XPT2046_Calculate_CalibrationFactor      0x08003051   Thumb Code   478  bsp_xpt2046_lcd.o(i.XPT2046_Calculate_CalibrationFactor)
    i.XPT2046_DelayUS                        0x0800322e   Section        0  bsp_xpt2046_lcd.o(i.XPT2046_DelayUS)
    XPT2046_DelayUS                          0x0800322f   Thumb Code    30  bsp_xpt2046_lcd.o(i.XPT2046_DelayUS)
    i.XPT2046_Get_TouchedPoint               0x0800324c   Section        0  bsp_xpt2046_lcd.o(i.XPT2046_Get_TouchedPoint)
    i.XPT2046_Init                           0x08003338   Section        0  bsp_xpt2046_lcd.o(i.XPT2046_Init)
    i.XPT2046_ReadAdc                        0x080033c8   Section        0  bsp_xpt2046_lcd.o(i.XPT2046_ReadAdc)
    XPT2046_ReadAdc                          0x080033c9   Thumb Code    16  bsp_xpt2046_lcd.o(i.XPT2046_ReadAdc)
    i.XPT2046_ReadAdc_Smooth_XY              0x080033d8   Section        0  bsp_xpt2046_lcd.o(i.XPT2046_ReadAdc_Smooth_XY)
    XPT2046_ReadAdc_Smooth_XY                0x080033d9   Thumb Code   336  bsp_xpt2046_lcd.o(i.XPT2046_ReadAdc_Smooth_XY)
    i.XPT2046_ReadAdc_XY                     0x08003530   Section        0  bsp_xpt2046_lcd.o(i.XPT2046_ReadAdc_XY)
    XPT2046_ReadAdc_XY                       0x08003531   Thumb Code    38  bsp_xpt2046_lcd.o(i.XPT2046_ReadAdc_XY)
    i.XPT2046_ReadCMD                        0x08003558   Section        0  bsp_xpt2046_lcd.o(i.XPT2046_ReadCMD)
    XPT2046_ReadCMD                          0x08003559   Thumb Code    74  bsp_xpt2046_lcd.o(i.XPT2046_ReadCMD)
    i.XPT2046_TouchDetect                    0x080035a8   Section        0  bsp_xpt2046_lcd.o(i.XPT2046_TouchDetect)
    i.XPT2046_TouchDown                      0x08003658   Section        0  bsp_xpt2046_lcd.o(i.XPT2046_TouchDown)
    i.XPT2046_TouchEvenHandler               0x0800369c   Section        0  bsp_xpt2046_lcd.o(i.XPT2046_TouchEvenHandler)
    i.XPT2046_TouchUp                        0x0800370c   Section        0  bsp_xpt2046_lcd.o(i.XPT2046_TouchUp)
    i.XPT2046_Touch_Calibrate                0x08003734   Section        0  bsp_xpt2046_lcd.o(i.XPT2046_Touch_Calibrate)
    i.XPT2046_WriteCMD                       0x08003c28   Section        0  bsp_xpt2046_lcd.o(i.XPT2046_WriteCMD)
    XPT2046_WriteCMD                         0x08003c29   Thumb Code    94  bsp_xpt2046_lcd.o(i.XPT2046_WriteCMD)
    i.__0printf$6                            0x08003c8c   Section        0  printf6.o(i.__0printf$6)
    i.__0sprintf$6                           0x08003cac   Section        0  printf6.o(i.__0sprintf$6)
    i.__scatterload_copy                     0x08003cd4   Section       14  handlers.o(i.__scatterload_copy)
    i.__scatterload_null                     0x08003ce2   Section        2  handlers.o(i.__scatterload_null)
    i.__scatterload_zeroinit                 0x08003ce4   Section       14  handlers.o(i.__scatterload_zeroinit)
    i._printf_core                           0x08003cf4   Section        0  printf6.o(i._printf_core)
    _printf_core                             0x08003cf5   Thumb Code   748  printf6.o(i._printf_core)
    i._printf_post_padding                   0x08003fe4   Section        0  printf6.o(i._printf_post_padding)
    _printf_post_padding                     0x08003fe5   Thumb Code    36  printf6.o(i._printf_post_padding)
    i._printf_pre_padding                    0x08004008   Section        0  printf6.o(i._printf_pre_padding)
    _printf_pre_padding                      0x08004009   Thumb Code    46  printf6.o(i._printf_pre_padding)
    i._sputc                                 0x08004036   Section        0  printf6.o(i._sputc)
    _sputc                                   0x08004037   Thumb Code    10  printf6.o(i._sputc)
    i.fputc                                  0x08004040   Section        0  bsp_usart.o(i.fputc)
    i.main                                   0x08004064   Section        0  main.o(i.main)
    .constdata                               0x080040d4   Section    15200  fonts.o(.constdata)
    .constdata                               0x08007c34   Section      256  os_core.o(.constdata)
    .conststring                             0x08007d34   Section       85  main.o(.conststring)
    .data                                    0x20000000   Section        8  palette.o(.data)
    .data                                    0x20000008   Section        4  bsp_spi_flash.o(.data)
    SPITimeout                               0x20000008   Data           4  bsp_spi_flash.o(.data)
    .data                                    0x2000000c   Section       25  fonts.o(.data)
    everRead                                 0x20000024   Data           1  fonts.o(.data)
    .data                                    0x20000028   Section       16  bsp_ili9341_lcd.o(.data)
    LCD_Currentfonts                         0x20000030   Data           4  bsp_ili9341_lcd.o(.data)
    CurrentTextColor                         0x20000034   Data           2  bsp_ili9341_lcd.o(.data)
    CurrentBackColor                         0x20000036   Data           2  bsp_ili9341_lcd.o(.data)
    .data                                    0x20000038   Section      208  bsp_xpt2046_lcd.o(.data)
    touch_state                              0x200000f9   Data           1  bsp_xpt2046_lcd.o(.data)
    i                                        0x200000fc   Data           4  bsp_xpt2046_lcd.o(.data)
    cinfo                                    0x20000100   Data           8  bsp_xpt2046_lcd.o(.data)
    .data                                    0x20000108   Section       20  stm32f10x_rcc.o(.data)
    APBAHBPrescTable                         0x20000108   Data          16  stm32f10x_rcc.o(.data)
    ADCPrescTable                            0x20000118   Data           4  stm32f10x_rcc.o(.data)
    .data                                    0x2000011c   Section       60  os_core.o(.data)
    .data                                    0x20000158   Section        4  stdout.o(.data)
    .bss                                     0x2000015c   Section      384  palette.o(.bss)
    .bss                                     0x200002dc   Section     2776  os_core.o(.bss)
    STACK                                    0x20000db8   Section     4096  startup_stm32f10x_hd.o(STACK)

    Global Symbols

    Symbol Name                              Value     Ov Type        Size  Object(Section)

    BuildAttributes$$THM_ISAv4$P$D$K$B$S$PE$A:L22UL41UL21$X:L11$S22US41US21$IEEE1$IW$USESV6$~STKCKD$USESV7$~SHL$OTIME$ROPI$EBA8$MICROLIB$REQ8$PRES8$EABIv2 0x00000000   Number         0  anon$$obj.o ABSOLUTE
    __ARM_use_no_argv                        0x00000000   Number         0  main.o ABSOLUTE
    _printf_a                                0x00000000   Number         0  stubs.o ABSOLUTE
    _printf_c                                0x00000000   Number         0  stubs.o ABSOLUTE
    _printf_charcount                        0x00000000   Number         0  stubs.o ABSOLUTE
    _printf_d                                0x00000000   Number         0  stubs.o ABSOLUTE
    _printf_e                                0x00000000   Number         0  stubs.o ABSOLUTE
    _printf_f                                0x00000000   Number         0  stubs.o ABSOLUTE
    _printf_flags                            0x00000000   Number         0  stubs.o ABSOLUTE
    _printf_fp_dec                           0x00000000   Number         0  stubs.o ABSOLUTE
    _printf_fp_hex                           0x00000000   Number         0  stubs.o ABSOLUTE
    _printf_g                                0x00000000   Number         0  stubs.o ABSOLUTE
    _printf_i                                0x00000000   Number         0  stubs.o ABSOLUTE
    _printf_int_dec                          0x00000000   Number         0  stubs.o ABSOLUTE
    _printf_l                                0x00000000   Number         0  stubs.o ABSOLUTE
    _printf_lc                               0x00000000   Number         0  stubs.o ABSOLUTE
    _printf_ll                               0x00000000   Number         0  stubs.o ABSOLUTE
    _printf_lld                              0x00000000   Number         0  stubs.o ABSOLUTE
    _printf_lli                              0x00000000   Number         0  stubs.o ABSOLUTE
    _printf_llo                              0x00000000   Number         0  stubs.o ABSOLUTE
    _printf_llu                              0x00000000   Number         0  stubs.o ABSOLUTE
    _printf_llx                              0x00000000   Number         0  stubs.o ABSOLUTE
    _printf_longlong_dec                     0x00000000   Number         0  stubs.o ABSOLUTE
    _printf_longlong_hex                     0x00000000   Number         0  stubs.o ABSOLUTE
    _printf_longlong_oct                     0x00000000   Number         0  stubs.o ABSOLUTE
    _printf_ls                               0x00000000   Number         0  stubs.o ABSOLUTE
    _printf_mbtowc                           0x00000000   Number         0  stubs.o ABSOLUTE
    _printf_n                                0x00000000   Number         0  stubs.o ABSOLUTE
    _printf_o                                0x00000000   Number         0  stubs.o ABSOLUTE
    _printf_p                                0x00000000   Number         0  stubs.o ABSOLUTE
    _printf_percent                          0x00000000   Number         0  stubs.o ABSOLUTE
    _printf_pre_padding                      0x00000000   Number         0  stubs.o ABSOLUTE
    _printf_return_value                     0x00000000   Number         0  stubs.o ABSOLUTE
    _printf_s                                0x00000000   Number         0  stubs.o ABSOLUTE
    _printf_sizespec                         0x00000000   Number         0  stubs.o ABSOLUTE
    _printf_str                              0x00000000   Number         0  stubs.o ABSOLUTE
    _printf_truncate_signed                  0x00000000   Number         0  stubs.o ABSOLUTE
    _printf_truncate_unsigned                0x00000000   Number         0  stubs.o ABSOLUTE
    _printf_u                                0x00000000   Number         0  stubs.o ABSOLUTE
    _printf_wc                               0x00000000   Number         0  stubs.o ABSOLUTE
    _printf_wctomb                           0x00000000   Number         0  stubs.o ABSOLUTE
    _printf_widthprec                        0x00000000   Number         0  stubs.o ABSOLUTE
    _printf_x                                0x00000000   Number         0  stubs.o ABSOLUTE
    __cpp_initialize__aeabi_                  - Undefined Weak Reference
    __cxa_finalize                            - Undefined Weak Reference
    _clock_init                               - Undefined Weak Reference
    _microlib_exit                            - Undefined Weak Reference
    __Vectors_Size                           0x00000130   Number         0  startup_stm32f10x_hd.o ABSOLUTE
    __Vectors                                0x08000000   Data           4  startup_stm32f10x_hd.o(RESET)
    __Vectors_End                            0x08000130   Data           0  startup_stm32f10x_hd.o(RESET)
    __main                                   0x08000131   Thumb Code     0  entry.o(.ARM.Collect$$$$00000000)
    _main_stk                                0x08000131   Thumb Code     0  entry2.o(.ARM.Collect$$$$00000001)
    _main_scatterload                        0x08000135   Thumb Code     0  entry5.o(.ARM.Collect$$$$00000004)
    __main_after_scatterload                 0x08000139   Thumb Code     0  entry5.o(.ARM.Collect$$$$00000004)
    _main_clock                              0x08000139   Thumb Code     0  entry7b.o(.ARM.Collect$$$$00000008)
    _main_cpp_init                           0x08000139   Thumb Code     0  entry8b.o(.ARM.Collect$$$$0000000A)
    _main_init                               0x08000139   Thumb Code     0  entry9a.o(.ARM.Collect$$$$0000000B)
    __rt_final_cpp                           0x08000141   Thumb Code     0  entry10a.o(.ARM.Collect$$$$0000000D)
    __rt_final_exit                          0x08000141   Thumb Code     0  entry11a.o(.ARM.Collect$$$$0000000F)
    Reset_Handler                            0x08000145   Thumb Code     8  startup_stm32f10x_hd.o(.text)
    ADC1_2_IRQHandler                        0x0800015f   Thumb Code     0  startup_stm32f10x_hd.o(.text)
    ADC3_IRQHandler                          0x0800015f   Thumb Code     0  startup_stm32f10x_hd.o(.text)
    CAN1_RX1_IRQHandler                      0x0800015f   Thumb Code     0  startup_stm32f10x_hd.o(.text)
    CAN1_SCE_IRQHandler                      0x0800015f   Thumb Code     0  startup_stm32f10x_hd.o(.text)
    DMA1_Channel1_IRQHandler                 0x0800015f   Thumb Code     0  startup_stm32f10x_hd.o(.text)
    DMA1_Channel2_IRQHandler                 0x0800015f   Thumb Code     0  startup_stm32f10x_hd.o(.text)
    DMA1_Channel3_IRQHandler                 0x0800015f   Thumb Code     0  startup_stm32f10x_hd.o(.text)
    DMA1_Channel4_IRQHandler                 0x0800015f   Thumb Code     0  startup_stm32f10x_hd.o(.text)
    DMA1_Channel5_IRQHandler                 0x0800015f   Thumb Code     0  startup_stm32f10x_hd.o(.text)
    DMA1_Channel6_IRQHandler                 0x0800015f   Thumb Code     0  startup_stm32f10x_hd.o(.text)
    DMA1_Channel7_IRQHandler                 0x0800015f   Thumb Code     0  startup_stm32f10x_hd.o(.text)
    DMA2_Channel1_IRQHandler                 0x0800015f   Thumb Code     0  startup_stm32f10x_hd.o(.text)
    DMA2_Channel2_IRQHandler                 0x0800015f   Thumb Code     0  startup_stm32f10x_hd.o(.text)
    DMA2_Channel3_IRQHandler                 0x0800015f   Thumb Code     0  startup_stm32f10x_hd.o(.text)
    DMA2_Channel4_5_IRQHandler               0x0800015f   Thumb Code     0  startup_stm32f10x_hd.o(.text)
    EXTI0_IRQHandler                         0x0800015f   Thumb Code     0  startup_stm32f10x_hd.o(.text)
    EXTI15_10_IRQHandler                     0x0800015f   Thumb Code     0  startup_stm32f10x_hd.o(.text)
    EXTI1_IRQHandler                         0x0800015f   Thumb Code     0  startup_stm32f10x_hd.o(.text)
    EXTI2_IRQHandler                         0x0800015f   Thumb Code     0  startup_stm32f10x_hd.o(.text)
    EXTI3_IRQHandler                         0x0800015f   Thumb Code     0  startup_stm32f10x_hd.o(.text)
    EXTI4_IRQHandler                         0x0800015f   Thumb Code     0  startup_stm32f10x_hd.o(.text)
    EXTI9_5_IRQHandler                       0x0800015f   Thumb Code     0  startup_stm32f10x_hd.o(.text)
    FLASH_IRQHandler                         0x0800015f   Thumb Code     0  startup_stm32f10x_hd.o(.text)
    FSMC_IRQHandler                          0x0800015f   Thumb Code     0  startup_stm32f10x_hd.o(.text)
    I2C1_ER_IRQHandler                       0x0800015f   Thumb Code     0  startup_stm32f10x_hd.o(.text)
    I2C1_EV_IRQHandler                       0x0800015f   Thumb Code     0  startup_stm32f10x_hd.o(.text)
    I2C2_ER_IRQHandler                       0x0800015f   Thumb Code     0  startup_stm32f10x_hd.o(.text)
    I2C2_EV_IRQHandler                       0x0800015f   Thumb Code     0  startup_stm32f10x_hd.o(.text)
    PVD_IRQHandler                           0x0800015f   Thumb Code     0  startup_stm32f10x_hd.o(.text)
    RCC_IRQHandler                           0x0800015f   Thumb Code     0  startup_stm32f10x_hd.o(.text)
    RTCAlarm_IRQHandler                      0x0800015f   Thumb Code     0  startup_stm32f10x_hd.o(.text)
    RTC_IRQHandler                           0x0800015f   Thumb Code     0  startup_stm32f10x_hd.o(.text)
    SDIO_IRQHandler                          0x0800015f   Thumb Code     0  startup_stm32f10x_hd.o(.text)
    SPI1_IRQHandler                          0x0800015f   Thumb Code     0  startup_stm32f10x_hd.o(.text)
    SPI2_IRQHandler                          0x0800015f   Thumb Code     0  startup_stm32f10x_hd.o(.text)
    SPI3_IRQHandler                          0x0800015f   Thumb Code     0  startup_stm32f10x_hd.o(.text)
    TAMPER_IRQHandler                        0x0800015f   Thumb Code     0  startup_stm32f10x_hd.o(.text)
    TIM1_BRK_IRQHandler                      0x0800015f   Thumb Code     0  startup_stm32f10x_hd.o(.text)
    TIM1_CC_IRQHandler                       0x0800015f   Thumb Code     0  startup_stm32f10x_hd.o(.text)
    TIM1_TRG_COM_IRQHandler                  0x0800015f   Thumb Code     0  startup_stm32f10x_hd.o(.text)
    TIM1_UP_IRQHandler                       0x0800015f   Thumb Code     0  startup_stm32f10x_hd.o(.text)
    TIM2_IRQHandler                          0x0800015f   Thumb Code     0  startup_stm32f10x_hd.o(.text)
    TIM3_IRQHandler                          0x0800015f   Thumb Code     0  startup_stm32f10x_hd.o(.text)
    TIM4_IRQHandler                          0x0800015f   Thumb Code     0  startup_stm32f10x_hd.o(.text)
    TIM5_IRQHandler                          0x0800015f   Thumb Code     0  startup_stm32f10x_hd.o(.text)
    TIM6_IRQHandler                          0x0800015f   Thumb Code     0  startup_stm32f10x_hd.o(.text)
    TIM7_IRQHandler                          0x0800015f   Thumb Code     0  startup_stm32f10x_hd.o(.text)
    TIM8_BRK_IRQHandler                      0x0800015f   Thumb Code     0  startup_stm32f10x_hd.o(.text)
    TIM8_CC_IRQHandler                       0x0800015f   Thumb Code     0  startup_stm32f10x_hd.o(.text)
    TIM8_TRG_COM_IRQHandler                  0x0800015f   Thumb Code     0  startup_stm32f10x_hd.o(.text)
    TIM8_UP_IRQHandler                       0x0800015f   Thumb Code     0  startup_stm32f10x_hd.o(.text)
    UART4_IRQHandler                         0x0800015f   Thumb Code     0  startup_stm32f10x_hd.o(.text)
    UART5_IRQHandler                         0x0800015f   Thumb Code     0  startup_stm32f10x_hd.o(.text)
    USART1_IRQHandler                        0x0800015f   Thumb Code     0  startup_stm32f10x_hd.o(.text)
    USART2_IRQHandler                        0x0800015f   Thumb Code     0  startup_stm32f10x_hd.o(.text)
    USART3_IRQHandler                        0x0800015f   Thumb Code     0  startup_stm32f10x_hd.o(.text)
    USBWakeUp_IRQHandler                     0x0800015f   Thumb Code     0  startup_stm32f10x_hd.o(.text)
    USB_HP_CAN1_TX_IRQHandler                0x0800015f   Thumb Code     0  startup_stm32f10x_hd.o(.text)
    USB_LP_CAN1_RX0_IRQHandler               0x0800015f   Thumb Code     0  startup_stm32f10x_hd.o(.text)
    WWDG_IRQHandler                          0x0800015f   Thumb Code     0  startup_stm32f10x_hd.o(.text)
    OS_CPU_SR_Save                           0x08000169   Thumb Code     0  os_cpu_a.o(.text)
    OS_CPU_SR_Restore                        0x08000171   Thumb Code     0  os_cpu_a.o(.text)
    OSStartHighRdy                           0x08000177   Thumb Code     0  os_cpu_a.o(.text)
    OSCtxSw                                  0x08000197   Thumb Code     0  os_cpu_a.o(.text)
    OSIntCtxSw                               0x080001a1   Thumb Code     0  os_cpu_a.o(.text)
    PendSV_Handler                           0x080001ab   Thumb Code     0  os_cpu_a.o(.text)
    __aeabi_memset                           0x0800020d   Thumb Code    14  memseta.o(.text)
    __aeabi_memset4                          0x0800020d   Thumb Code     0  memseta.o(.text)
    __aeabi_memset8                          0x0800020d   Thumb Code     0  memseta.o(.text)
    __aeabi_memclr                           0x0800021b   Thumb Code     4  memseta.o(.text)
    __aeabi_memclr4                          0x0800021b   Thumb Code     0  memseta.o(.text)
    __aeabi_memclr8                          0x0800021b   Thumb Code     0  memseta.o(.text)
    _memset$wrapper                          0x0800021f   Thumb Code    18  memseta.o(.text)
    strlen                                   0x08000231   Thumb Code    14  strlen.o(.text)
    __aeabi_fadd                             0x0800023f   Thumb Code   164  fadd.o(.text)
    __aeabi_fsub                             0x080002e3   Thumb Code     6  fadd.o(.text)
    __aeabi_frsub                            0x080002e9   Thumb Code     6  fadd.o(.text)
    __aeabi_fmul                             0x080002ef   Thumb Code   100  fmul.o(.text)
    __aeabi_fdiv                             0x08000353   Thumb Code   124  fdiv.o(.text)
    __aeabi_dmul                             0x080003cf   Thumb Code   228  dmul.o(.text)
    __aeabi_ddiv                             0x080004b3   Thumb Code   222  ddiv.o(.text)
    __aeabi_i2f                              0x08000591   Thumb Code    18  fflti.o(.text)
    __aeabi_f2iz                             0x080005a3   Thumb Code    50  ffixi.o(.text)
    __aeabi_f2uiz                            0x080005d5   Thumb Code    40  ffixui.o(.text)
    __aeabi_f2d                              0x080005fd   Thumb Code    38  f2d.o(.text)
    __aeabi_d2f                              0x08000623   Thumb Code    56  d2f.o(.text)
    __aeabi_cfcmpeq                          0x0800065d   Thumb Code     0  cfcmple.o(.text)
    __aeabi_cfcmple                          0x0800065d   Thumb Code    20  cfcmple.o(.text)
    __aeabi_uidiv                            0x08000671   Thumb Code     0  uidiv.o(.text)
    __aeabi_uidivmod                         0x08000671   Thumb Code    44  uidiv.o(.text)
    __I$use$fp                               0x0800069d   Thumb Code     0  iusefp.o(.text)
    _float_round                             0x0800069d   Thumb Code    18  fepilogue.o(.text)
    _float_epilogue                          0x080006af   Thumb Code    92  fepilogue.o(.text)
    _double_round                            0x0800070b   Thumb Code    30  depilogue.o(.text)
    _double_epilogue                         0x08000729   Thumb Code   156  depilogue.o(.text)
    __scatterload                            0x080007c5   Thumb Code    28  init.o(.text)
    __scatterload_rt2                        0x080007c5   Thumb Code     0  init.o(.text)
    __aeabi_llsl                             0x080007e9   Thumb Code    30  llshl.o(.text)
    _ll_shift_l                              0x080007e9   Thumb Code     0  llshl.o(.text)
    __aeabi_llsr                             0x08000807   Thumb Code    32  llushr.o(.text)
    _ll_ushift_r                             0x08000807   Thumb Code     0  llushr.o(.text)
    __decompress                             0x08000827   Thumb Code     0  __dczerorl2.o(.text)
    __decompress1                            0x08000827   Thumb Code    86  __dczerorl2.o(.text)
    BusFault_Handler                         0x0800087d   Thumb Code     4  stm32f10x_it.o(i.BusFault_Handler)
    Calibrate_or_Get_TouchParaWithFlash      0x08000881   Thumb Code   134  bsp_xpt2046_lcd.o(i.Calibrate_or_Get_TouchParaWithFlash)
    DebugMon_Handler                         0x0800098d   Thumb Code     2  stm32f10x_it.o(i.DebugMon_Handler)
    Draw_Trail                               0x08000f6d   Thumb Code   424  palette.o(i.Draw_Trail)
    FSMC_NORSRAMCmd                          0x0800111d   Thumb Code    46  stm32f10x_fsmc.o(i.FSMC_NORSRAMCmd)
    FSMC_NORSRAMInit                         0x08001151   Thumb Code   230  stm32f10x_fsmc.o(i.FSMC_NORSRAMInit)
    GPIO_Init                                0x08001237   Thumb Code   278  stm32f10x_gpio.o(i.GPIO_Init)
    GPIO_ReadInputDataBit                    0x0800134d   Thumb Code    18  stm32f10x_gpio.o(i.GPIO_ReadInputDataBit)
    GPIO_ResetBits                           0x0800135f   Thumb Code     4  stm32f10x_gpio.o(i.GPIO_ResetBits)
    GPIO_SetBits                             0x08001363   Thumb Code     4  stm32f10x_gpio.o(i.GPIO_SetBits)
    GetGBKCode_from_EXFlash                  0x08001369   Thumb Code    74  fonts.o(i.GetGBKCode_from_EXFlash)
    HardFault_Handler                        0x080013bd   Thumb Code     4  stm32f10x_it.o(i.HardFault_Handler)
    ILI9341_BackLed_Control                  0x080013c1   Thumb Code    30  bsp_ili9341_lcd.o(i.ILI9341_BackLed_Control)
    ILI9341_Clear                            0x080013e5   Thumb Code    40  bsp_ili9341_lcd.o(i.ILI9341_Clear)
    ILI9341_DispChar_CH                      0x08001425   Thumb Code   122  bsp_ili9341_lcd.o(i.ILI9341_DispChar_CH)
    ILI9341_DispChar_EN                      0x080014a9   Thumb Code   138  bsp_ili9341_lcd.o(i.ILI9341_DispChar_EN)
    ILI9341_DispStringLine_EN                0x08001541   Thumb Code    92  bsp_ili9341_lcd.o(i.ILI9341_DispStringLine_EN)
    ILI9341_DispString_EN_CH                 0x080015a9   Thumb Code   168  bsp_ili9341_lcd.o(i.ILI9341_DispString_EN_CH)
    ILI9341_DrawCircle                       0x0800165d   Thumb Code   312  bsp_ili9341_lcd.o(i.ILI9341_DrawCircle)
    ILI9341_DrawLine                         0x080017c1   Thumb Code   160  bsp_ili9341_lcd.o(i.ILI9341_DrawLine)
    ILI9341_DrawRectangle                    0x08001861   Thumb Code   132  bsp_ili9341_lcd.o(i.ILI9341_DrawRectangle)
    ILI9341_GramScan                         0x08001b01   Thumb Code   172  bsp_ili9341_lcd.o(i.ILI9341_GramScan)
    ILI9341_Init                             0x08001bb9   Thumb Code    34  bsp_ili9341_lcd.o(i.ILI9341_Init)
    ILI9341_OpenWindow                       0x08001be1   Thumb Code    96  bsp_ili9341_lcd.o(i.ILI9341_OpenWindow)
    ILI9341_Rst                              0x08001e71   Thumb Code    36  bsp_ili9341_lcd.o(i.ILI9341_Rst)
    ILI9341_SetPointPixel                    0x08001ead   Thumb Code    42  bsp_ili9341_lcd.o(i.ILI9341_SetPointPixel)
    ILI9341_Write_Cmd                        0x08001ee5   Thumb Code     8  bsp_ili9341_lcd.o(i.ILI9341_Write_Cmd)
    ILI9341_Write_Data                       0x08001eed   Thumb Code     6  bsp_ili9341_lcd.o(i.ILI9341_Write_Data)
    LCD_GetFont                              0x0800205d   Thumb Code     6  bsp_ili9341_lcd.o(i.LCD_GetFont)
    LCD_SetBackColor                         0x08002069   Thumb Code     6  bsp_ili9341_lcd.o(i.LCD_SetBackColor)
    LCD_SetColors                            0x08002075   Thumb Code    10  bsp_ili9341_lcd.o(i.LCD_SetColors)
    LCD_SetFont                              0x08002089   Thumb Code     6  bsp_ili9341_lcd.o(i.LCD_SetFont)
    LCD_SetTextColor                         0x08002095   Thumb Code     6  bsp_ili9341_lcd.o(i.LCD_SetTextColor)
    LED_GPIO_Config                          0x080020a1   Thumb Code    90  bsp_led.o(i.LED_GPIO_Config)
    MemManage_Handler                        0x08002101   Thumb Code     4  stm32f10x_it.o(i.MemManage_Handler)
    NMI_Handler                              0x08002105   Thumb Code     2  stm32f10x_it.o(i.NMI_Handler)
    OSIntExit                                0x08002109   Thumb Code   112  os_core.o(i.OSIntExit)
    OSTaskSwHook                             0x08002199   Thumb Code     2  os_cpu_c.o(i.OSTaskSwHook)
    OSTimeTick                               0x0800219d   Thumb Code   210  os_core.o(i.OSTimeTick)
    OSTimeTickHook                           0x08002289   Thumb Code     2  os_cpu_c.o(i.OSTimeTickHook)
    Palette_Init                             0x080022b9   Thumb Code    90  palette.o(i.Palette_Init)
    RCC_AHBPeriphClockCmd                    0x08002325   Thumb Code    26  stm32f10x_rcc.o(i.RCC_AHBPeriphClockCmd)
    RCC_APB2PeriphClockCmd                   0x08002345   Thumb Code    26  stm32f10x_rcc.o(i.RCC_APB2PeriphClockCmd)
    RCC_GetClocksFreq                        0x08002365   Thumb Code   192  stm32f10x_rcc.o(i.RCC_GetClocksFreq)
    SPI_Cmd                                  0x08002439   Thumb Code    24  stm32f10x_spi.o(i.SPI_Cmd)
    SPI_FLASH_BufferRead                     0x08002451   Thumb Code    76  bsp_spi_flash.o(i.SPI_FLASH_BufferRead)
    SPI_FLASH_BufferWrite                    0x080024a1   Thumb Code   290  bsp_spi_flash.o(i.SPI_FLASH_BufferWrite)
    SPI_FLASH_Init                           0x080025c5   Thumb Code   178  bsp_spi_flash.o(i.SPI_FLASH_Init)
    SPI_FLASH_PageWrite                      0x08002685   Thumb Code    98  bsp_spi_flash.o(i.SPI_FLASH_PageWrite)
    SPI_FLASH_SectorErase                    0x08002721   Thumb Code    62  bsp_spi_flash.o(i.SPI_FLASH_SectorErase)
    SPI_FLASH_SendByte                       0x08002765   Thumb Code   110  bsp_spi_flash.o(i.SPI_FLASH_SendByte)
    SPI_FLASH_WaitForWriteEnd                0x080027dd   Thumb Code    46  bsp_spi_flash.o(i.SPI_FLASH_WaitForWriteEnd)
    SPI_FLASH_WriteEnable                    0x08002811   Thumb Code    26  bsp_spi_flash.o(i.SPI_FLASH_WriteEnable)
    SPI_I2S_GetFlagStatus                    0x08002831   Thumb Code    18  stm32f10x_spi.o(i.SPI_I2S_GetFlagStatus)
    SPI_I2S_ReceiveData                      0x08002843   Thumb Code     6  stm32f10x_spi.o(i.SPI_I2S_ReceiveData)
    SPI_I2S_SendData                         0x08002849   Thumb Code     4  stm32f10x_spi.o(i.SPI_I2S_SendData)
    SPI_Init                                 0x0800284d   Thumb Code    60  stm32f10x_spi.o(i.SPI_Init)
    SVC_Handler                              0x080028c9   Thumb Code     2  stm32f10x_it.o(i.SVC_Handler)
    SysTick_Handler                          0x080029b5   Thumb Code    34  stm32f10x_it.o(i.SysTick_Handler)
    SystemInit                               0x080029dd   Thumb Code    78  system_stm32f10x.o(i.SystemInit)
    Touch_Button_Down                        0x08002a3d   Thumb Code   178  palette.o(i.Touch_Button_Down)
    Touch_Button_Init                        0x08002af5   Thumb Code   788  palette.o(i.Touch_Button_Init)
    Touch_Button_Up                          0x08002e29   Thumb Code   138  palette.o(i.Touch_Button_Up)
    USART_Cmd                                0x08002eb9   Thumb Code    24  stm32f10x_usart.o(i.USART_Cmd)
    USART_Config                             0x08002ed1   Thumb Code   120  bsp_usart.o(i.USART_Config)
    USART_GetFlagStatus                      0x08002f51   Thumb Code    26  stm32f10x_usart.o(i.USART_GetFlagStatus)
    USART_Init                               0x08002f6d   Thumb Code   210  stm32f10x_usart.o(i.USART_Init)
    USART_SendData                           0x08003045   Thumb Code     8  stm32f10x_usart.o(i.USART_SendData)
    UsageFault_Handler                       0x0800304d   Thumb Code     4  stm32f10x_it.o(i.UsageFault_Handler)
    XPT2046_Get_TouchedPoint                 0x0800324d   Thumb Code   232  bsp_xpt2046_lcd.o(i.XPT2046_Get_TouchedPoint)
    XPT2046_Init                             0x08003339   Thumb Code   134  bsp_xpt2046_lcd.o(i.XPT2046_Init)
    XPT2046_TouchDetect                      0x080035a9   Thumb Code   162  bsp_xpt2046_lcd.o(i.XPT2046_TouchDetect)
    XPT2046_TouchDown                        0x08003659   Thumb Code    62  bsp_xpt2046_lcd.o(i.XPT2046_TouchDown)
    XPT2046_TouchEvenHandler                 0x0800369d   Thumb Code   100  bsp_xpt2046_lcd.o(i.XPT2046_TouchEvenHandler)
    XPT2046_TouchUp                          0x0800370d   Thumb Code    38  bsp_xpt2046_lcd.o(i.XPT2046_TouchUp)
    XPT2046_Touch_Calibrate                  0x08003735   Thumb Code  1242  bsp_xpt2046_lcd.o(i.XPT2046_Touch_Calibrate)
    __0printf$6                              0x08003c8d   Thumb Code    22  printf6.o(i.__0printf$6)
    __1printf$6                              0x08003c8d   Thumb Code     0  printf6.o(i.__0printf$6)
    __2printf                                0x08003c8d   Thumb Code     0  printf6.o(i.__0printf$6)
    __0sprintf$6                             0x08003cad   Thumb Code    34  printf6.o(i.__0sprintf$6)
    __1sprintf$6                             0x08003cad   Thumb Code     0  printf6.o(i.__0sprintf$6)
    __2sprintf                               0x08003cad   Thumb Code     0  printf6.o(i.__0sprintf$6)
    __scatterload_copy                       0x08003cd5   Thumb Code    14  handlers.o(i.__scatterload_copy)
    __scatterload_null                       0x08003ce3   Thumb Code     2  handlers.o(i.__scatterload_null)
    __scatterload_zeroinit                   0x08003ce5   Thumb Code    14  handlers.o(i.__scatterload_zeroinit)
    fputc                                    0x08004041   Thumb Code    32  bsp_usart.o(i.fputc)
    main                                     0x08004065   Thumb Code    58  main.o(i.main)
    ASCII8x16_Table                          0x080040d4   Data        1520  fonts.o(.constdata)
    ASCII16x24_Table                         0x080046c4   Data        4560  fonts.o(.constdata)
    ASCII24x32_Table                         0x08005894   Data        9120  fonts.o(.constdata)
    OSUnMapTbl                               0x08007c34   Data         256  os_core.o(.constdata)
    Region$$Table$$Base                      0x08007d8c   Number         0  anon$$obj.o(Region$$Table)
    Region$$Table$$Limit                     0x08007dac   Number         0  anon$$obj.o(Region$$Table)
    brush                                    0x20000000   Data           8  palette.o(.data)
    Font8x16                                 0x2000000c   Data           8  fonts.o(.data)
    Font16x24                                0x20000014   Data           8  fonts.o(.data)
    Font24x32                                0x2000001c   Data           8  fonts.o(.data)
    LCD_X_LENGTH                             0x20000028   Data           2  bsp_ili9341_lcd.o(.data)
    LCD_Y_LENGTH                             0x2000002a   Data           2  bsp_ili9341_lcd.o(.data)
    LCD_SCAN_MODE                            0x2000002c   Data           1  bsp_ili9341_lcd.o(.data)
    strXPT2046_TouchPara                     0x20000038   Data         192  bsp_xpt2046_lcd.o(.data)
    ucXPT2046_TouchFlag                      0x200000f8   Data           1  bsp_xpt2046_lcd.o(.data)
    OSCtxSwCtr                               0x2000011c   Data           4  os_core.o(.data)
    OSCPUUsage                               0x20000120   Data           1  os_core.o(.data)
    OSIdleCtrMax                             0x20000124   Data           4  os_core.o(.data)
    OSIdleCtrRun                             0x20000128   Data           4  os_core.o(.data)
    OSStatRdy                                0x2000012c   Data           1  os_core.o(.data)
    OSIntNesting                             0x2000012d   Data           1  os_core.o(.data)
    OSLockNesting                            0x2000012e   Data           1  os_core.o(.data)
    OSPrioCur                                0x2000012f   Data           1  os_core.o(.data)
    OSPrioHighRdy                            0x20000130   Data           1  os_core.o(.data)
    OSRdyGrp                                 0x20000131   Data           1  os_core.o(.data)
    OSRdyTbl                                 0x20000132   Data           8  os_core.o(.data)
    OSRunning                                0x2000013a   Data           1  os_core.o(.data)
    OSTaskCtr                                0x2000013b   Data           1  os_core.o(.data)
    OSIdleCtr                                0x2000013c   Data           4  os_core.o(.data)
    OSTCBCur                                 0x20000140   Data           4  os_core.o(.data)
    OSTCBFreeList                            0x20000144   Data           4  os_core.o(.data)
    OSTCBHighRdy                             0x20000148   Data           4  os_core.o(.data)
    OSTCBList                                0x2000014c   Data           4  os_core.o(.data)
    OSTickStepState                          0x20000150   Data           1  os_core.o(.data)
    OSTime                                   0x20000154   Data           4  os_core.o(.data)
    __stdout                                 0x20000158   Data           4  stdout.o(.data)
    button                                   0x2000015c   Data         384  palette.o(.bss)
    OSTaskStatStk                            0x200002dc   Data         512  os_core.o(.bss)
    OSTaskIdleStk                            0x200004dc   Data         512  os_core.o(.bss)
    OSTCBPrioTbl                             0x200006dc   Data         256  os_core.o(.bss)
    OSTCBTbl                                 0x200007dc   Data        1496  os_core.o(.bss)
    __initial_sp                             0x20001db8   Data           0  startup_stm32f10x_hd.o(STACK)



==============================================================================

Memory Map of the image

  Image Entry point : 0x08000131

  Load Region LR_IROM1 (Base: 0x08000000, Size: 0x00007f08, Max: 0x00080000, ABSOLUTE, COMPRESSED[0x00007eac])

    Execution Region ER_IROM1 (Base: 0x08000000, Size: 0x00007dac, Max: 0x00080000, ABSOLUTE)

    Base Addr    Size         Type   Attr      Idx    E Section Name        Object

    0x08000000   0x00000130   Data   RO          812    RESET               startup_stm32f10x_hd.o
    0x08000130   0x00000000   Code   RO         4297  * .ARM.Collect$$$$00000000  mc_w.l(entry.o)
    0x08000130   0x00000004   Code   RO         4587    .ARM.Collect$$$$00000001  mc_w.l(entry2.o)
    0x08000134   0x00000004   Code   RO         4590    .ARM.Collect$$$$00000004  mc_w.l(entry5.o)
    0x08000138   0x00000000   Code   RO         4592    .ARM.Collect$$$$00000008  mc_w.l(entry7b.o)
    0x08000138   0x00000000   Code   RO         4594    .ARM.Collect$$$$0000000A  mc_w.l(entry8b.o)
    0x08000138   0x00000008   Code   RO         4595    .ARM.Collect$$$$0000000B  mc_w.l(entry9a.o)
    0x08000140   0x00000000   Code   RO         4597    .ARM.Collect$$$$0000000D  mc_w.l(entry10a.o)
    0x08000140   0x00000000   Code   RO         4599    .ARM.Collect$$$$0000000F  mc_w.l(entry11a.o)
    0x08000140   0x00000004   Code   RO         4588    .ARM.Collect$$$$00002712  mc_w.l(entry2.o)
    0x08000144   0x00000024   Code   RO          813    .text               startup_stm32f10x_hd.o
    0x08000168   0x000000a4   Code   RO         3875    .text               os_cpu_a.o
    0x0800020c   0x00000024   Code   RO         4300    .text               mc_w.l(memseta.o)
    0x08000230   0x0000000e   Code   RO         4302    .text               mc_w.l(strlen.o)
    0x0800023e   0x000000b0   Code   RO         4565    .text               mf_w.l(fadd.o)
    0x080002ee   0x00000064   Code   RO         4567    .text               mf_w.l(fmul.o)
    0x08000352   0x0000007c   Code   RO         4569    .text               mf_w.l(fdiv.o)
    0x080003ce   0x000000e4   Code   RO         4571    .text               mf_w.l(dmul.o)
    0x080004b2   0x000000de   Code   RO         4573    .text               mf_w.l(ddiv.o)
    0x08000590   0x00000012   Code   RO         4575    .text               mf_w.l(fflti.o)
    0x080005a2   0x00000032   Code   RO         4577    .text               mf_w.l(ffixi.o)
    0x080005d4   0x00000028   Code   RO         4579    .text               mf_w.l(ffixui.o)
    0x080005fc   0x00000026   Code   RO         4581    .text               mf_w.l(f2d.o)
    0x08000622   0x00000038   Code   RO         4583    .text               mf_w.l(d2f.o)
    0x0800065a   0x00000002   PAD
    0x0800065c   0x00000014   Code   RO         4585    .text               mf_w.l(cfcmple.o)
    0x08000670   0x0000002c   Code   RO         4602    .text               mc_w.l(uidiv.o)
    0x0800069c   0x00000000   Code   RO         4606    .text               mc_w.l(iusefp.o)
    0x0800069c   0x0000006e   Code   RO         4607    .text               mf_w.l(fepilogue.o)
    0x0800070a   0x000000ba   Code   RO         4609    .text               mf_w.l(depilogue.o)
    0x080007c4   0x00000024   Code   RO         4617    .text               mc_w.l(init.o)
    0x080007e8   0x0000001e   Code   RO         4619    .text               mc_w.l(llshl.o)
    0x08000806   0x00000020   Code   RO         4621    .text               mc_w.l(llushr.o)
    0x08000826   0x00000056   Code   RO         4633    .text               mc_w.l(__dczerorl2.o)
    0x0800087c   0x00000004   Code   RO         3801    i.BusFault_Handler  stm32f10x_it.o
    0x08000880   0x0000008c   Code   RO          575    i.Calibrate_or_Get_TouchParaWithFlash  bsp_xpt2046_lcd.o
    0x0800090c   0x00000034   Code   RO            6    i.Command_Clear_Palette  palette.o
    0x08000940   0x00000020   Code   RO            7    i.Command_Select_Brush  palette.o
    0x08000960   0x0000002c   Code   RO            8    i.Command_Select_Color  palette.o
    0x0800098c   0x00000002   Code   RO         3802    i.DebugMon_Handler  stm32f10x_it.o
    0x0800098e   0x00000002   PAD
    0x08000990   0x00000114   Code   RO            9    i.Draw_Clear_Button  palette.o
    0x08000aa4   0x00000084   Code   RO           10    i.Draw_Color_Button  palette.o
    0x08000b28   0x00000444   Code   RO           11    i.Draw_Shape_Button  palette.o
    0x08000f6c   0x000001b0   Code   RO           12    i.Draw_Trail        palette.o
    0x0800111c   0x00000034   Code   RO         1853    i.FSMC_NORSRAMCmd   stm32f10x_fsmc.o
    0x08001150   0x000000e6   Code   RO         1855    i.FSMC_NORSRAMInit  stm32f10x_fsmc.o
    0x08001236   0x00000116   Code   RO         1968    i.GPIO_Init         stm32f10x_gpio.o
    0x0800134c   0x00000012   Code   RO         1972    i.GPIO_ReadInputDataBit  stm32f10x_gpio.o
    0x0800135e   0x00000004   Code   RO         1975    i.GPIO_ResetBits    stm32f10x_gpio.o
    0x08001362   0x00000004   Code   RO         1976    i.GPIO_SetBits      stm32f10x_gpio.o
    0x08001366   0x00000002   PAD
    0x08001368   0x00000054   Code   RO          298    i.GetGBKCode_from_EXFlash  fonts.o
    0x080013bc   0x00000004   Code   RO         3803    i.HardFault_Handler  stm32f10x_it.o
    0x080013c0   0x00000024   Code   RO          317    i.ILI9341_BackLed_Control  bsp_ili9341_lcd.o
    0x080013e4   0x0000002c   Code   RO          318    i.ILI9341_Clear     bsp_ili9341_lcd.o
    0x08001410   0x00000012   Code   RO          319    i.ILI9341_Delay     bsp_ili9341_lcd.o
    0x08001422   0x00000002   PAD
    0x08001424   0x00000084   Code   RO          320    i.ILI9341_DispChar_CH  bsp_ili9341_lcd.o
    0x080014a8   0x00000098   Code   RO          321    i.ILI9341_DispChar_EN  bsp_ili9341_lcd.o
    0x08001540   0x00000068   Code   RO          322    i.ILI9341_DispStringLine_EN  bsp_ili9341_lcd.o
    0x080015a8   0x000000b4   Code   RO          326    i.ILI9341_DispString_EN_CH  bsp_ili9341_lcd.o
    0x0800165c   0x00000138   Code   RO          332    i.ILI9341_DrawCircle  bsp_ili9341_lcd.o
    0x08001794   0x0000002c   Code   RO          576    i.ILI9341_DrawCross  bsp_xpt2046_lcd.o
    0x080017c0   0x000000a0   Code   RO          333    i.ILI9341_DrawLine  bsp_ili9341_lcd.o
    0x08001860   0x00000088   Code   RO          334    i.ILI9341_DrawRectangle  bsp_ili9341_lcd.o
    0x080018e8   0x0000005e   Code   RO          335    i.ILI9341_FSMC_Config  bsp_ili9341_lcd.o
    0x08001946   0x00000020   Code   RO          336    i.ILI9341_FillColor  bsp_ili9341_lcd.o
    0x08001966   0x00000002   PAD
    0x08001968   0x00000198   Code   RO          337    i.ILI9341_GPIO_Config  bsp_ili9341_lcd.o
    0x08001b00   0x000000b8   Code   RO          339    i.ILI9341_GramScan  bsp_ili9341_lcd.o
    0x08001bb8   0x00000028   Code   RO          340    i.ILI9341_Init      bsp_ili9341_lcd.o
    0x08001be0   0x00000060   Code   RO          341    i.ILI9341_OpenWindow  bsp_ili9341_lcd.o
    0x08001c40   0x00000230   Code   RO          342    i.ILI9341_REG_Config  bsp_ili9341_lcd.o
    0x08001e70   0x00000028   Code   RO          344    i.ILI9341_Rst       bsp_ili9341_lcd.o
    0x08001e98   0x00000014   Code   RO          345    i.ILI9341_SetCursor  bsp_ili9341_lcd.o
    0x08001eac   0x00000038   Code   RO          346    i.ILI9341_SetPointPixel  bsp_ili9341_lcd.o
    0x08001ee4   0x00000008   Code   RO          545    i.ILI9341_Write_Cmd  bsp_ili9341_lcd.o
    0x08001eec   0x0000000c   Code   RO          550    i.ILI9341_Write_Data  bsp_ili9341_lcd.o
    0x08001ef8   0x00000164   Code   RO           13    i.LCD_DrawUniLineCircle  palette.o
    0x0800205c   0x0000000c   Code   RO          350    i.LCD_GetFont       bsp_ili9341_lcd.o
    0x08002068   0x0000000c   Code   RO          351    i.LCD_SetBackColor  bsp_ili9341_lcd.o
    0x08002074   0x00000014   Code   RO          352    i.LCD_SetColors     bsp_ili9341_lcd.o
    0x08002088   0x0000000c   Code   RO          353    i.LCD_SetFont       bsp_ili9341_lcd.o
    0x08002094   0x0000000c   Code   RO          354    i.LCD_SetTextColor  bsp_ili9341_lcd.o
    0x080020a0   0x00000060   Code   RO          693    i.LED_GPIO_Config   bsp_led.o
    0x08002100   0x00000004   Code   RO         3804    i.MemManage_Handler  stm32f10x_it.o
    0x08002104   0x00000002   Code   RO         3805    i.NMI_Handler       stm32f10x_it.o
    0x08002106   0x00000002   PAD
    0x08002108   0x00000090   Code   RO         3968    i.OSIntExit         os_core.o
    0x08002198   0x00000002   Code   RO         3887    i.OSTaskSwHook      os_cpu_c.o
    0x0800219a   0x00000002   PAD
    0x0800219c   0x000000ec   Code   RO         3973    i.OSTimeTick        os_core.o
    0x08002288   0x00000002   Code   RO         3888    i.OSTimeTickHook    os_cpu_c.o
    0x0800228a   0x00000002   PAD
    0x0800228c   0x0000002c   Code   RO         3985    i.OS_SchedNew       os_core.o
    0x080022b8   0x0000006c   Code   RO           14    i.Palette_Init      palette.o
    0x08002324   0x00000020   Code   RO         2383    i.RCC_AHBPeriphClockCmd  stm32f10x_rcc.o
    0x08002344   0x00000020   Code   RO         2386    i.RCC_APB2PeriphClockCmd  stm32f10x_rcc.o
    0x08002364   0x000000d4   Code   RO         2394    i.RCC_GetClocksFreq  stm32f10x_rcc.o
    0x08002438   0x00000018   Code   RO         2863    i.SPI_Cmd           stm32f10x_spi.o
    0x08002450   0x00000050   Code   RO          182    i.SPI_FLASH_BufferRead  bsp_spi_flash.o
    0x080024a0   0x00000122   Code   RO          183    i.SPI_FLASH_BufferWrite  bsp_spi_flash.o
    0x080025c2   0x00000002   PAD
    0x080025c4   0x000000c0   Code   RO          185    i.SPI_FLASH_Init    bsp_spi_flash.o
    0x08002684   0x0000009c   Code   RO          186    i.SPI_FLASH_PageWrite  bsp_spi_flash.o
    0x08002720   0x00000044   Code   RO          190    i.SPI_FLASH_SectorErase  bsp_spi_flash.o
    0x08002764   0x00000078   Code   RO          191    i.SPI_FLASH_SendByte  bsp_spi_flash.o
    0x080027dc   0x00000034   Code   RO          194    i.SPI_FLASH_WaitForWriteEnd  bsp_spi_flash.o
    0x08002810   0x00000020   Code   RO          195    i.SPI_FLASH_WriteEnable  bsp_spi_flash.o
    0x08002830   0x00000012   Code   RO         2871    i.SPI_I2S_GetFlagStatus  stm32f10x_spi.o
    0x08002842   0x00000006   Code   RO         2874    i.SPI_I2S_ReceiveData  stm32f10x_spi.o
    0x08002848   0x00000004   Code   RO         2875    i.SPI_I2S_SendData  stm32f10x_spi.o
    0x0800284c   0x0000003c   Code   RO         2876    i.SPI_Init          stm32f10x_spi.o
    0x08002888   0x00000040   Code   RO          198    i.SPI_TIMEOUT_UserCallback  bsp_spi_flash.o
    0x080028c8   0x00000002   Code   RO         3806    i.SVC_Handler       stm32f10x_it.o
    0x080028ca   0x00000008   Code   RO          776    i.SetSysClock       system_stm32f10x.o
    0x080028d2   0x00000002   PAD
    0x080028d4   0x000000e0   Code   RO          777    i.SetSysClockTo72   system_stm32f10x.o
    0x080029b4   0x00000028   Code   RO         3807    i.SysTick_Handler   stm32f10x_it.o
    0x080029dc   0x00000060   Code   RO          779    i.SystemInit        system_stm32f10x.o
    0x08002a3c   0x000000b8   Code   RO           15    i.Touch_Button_Down  palette.o
    0x08002af4   0x00000334   Code   RO           16    i.Touch_Button_Init  palette.o
    0x08002e28   0x00000090   Code   RO           17    i.Touch_Button_Up   palette.o
    0x08002eb8   0x00000018   Code   RO         3554    i.USART_Cmd         stm32f10x_usart.o
    0x08002ed0   0x00000080   Code   RO          738    i.USART_Config      bsp_usart.o
    0x08002f50   0x0000001a   Code   RO         3557    i.USART_GetFlagStatus  stm32f10x_usart.o
    0x08002f6a   0x00000002   PAD
    0x08002f6c   0x000000d8   Code   RO         3561    i.USART_Init        stm32f10x_usart.o
    0x08003044   0x00000008   Code   RO         3571    i.USART_SendData    stm32f10x_usart.o
    0x0800304c   0x00000004   Code   RO         3808    i.UsageFault_Handler  stm32f10x_it.o
    0x08003050   0x000001de   Code   RO          577    i.XPT2046_Calculate_CalibrationFactor  bsp_xpt2046_lcd.o
    0x0800322e   0x0000001e   Code   RO          578    i.XPT2046_DelayUS   bsp_xpt2046_lcd.o
    0x0800324c   0x000000ec   Code   RO          579    i.XPT2046_Get_TouchedPoint  bsp_xpt2046_lcd.o
    0x08003338   0x00000090   Code   RO          580    i.XPT2046_Init      bsp_xpt2046_lcd.o
    0x080033c8   0x00000010   Code   RO          581    i.XPT2046_ReadAdc   bsp_xpt2046_lcd.o
    0x080033d8   0x00000158   Code   RO          582    i.XPT2046_ReadAdc_Smooth_XY  bsp_xpt2046_lcd.o
    0x08003530   0x00000026   Code   RO          583    i.XPT2046_ReadAdc_XY  bsp_xpt2046_lcd.o
    0x08003556   0x00000002   PAD
    0x08003558   0x00000050   Code   RO          584    i.XPT2046_ReadCMD   bsp_xpt2046_lcd.o
    0x080035a8   0x000000b0   Code   RO          585    i.XPT2046_TouchDetect  bsp_xpt2046_lcd.o
    0x08003658   0x00000044   Code   RO          586    i.XPT2046_TouchDown  bsp_xpt2046_lcd.o
    0x0800369c   0x00000070   Code   RO          587    i.XPT2046_TouchEvenHandler  bsp_xpt2046_lcd.o
    0x0800370c   0x00000026   Code   RO          588    i.XPT2046_TouchUp   bsp_xpt2046_lcd.o
    0x08003732   0x00000002   PAD
    0x08003734   0x000004f4   Code   RO          589    i.XPT2046_Touch_Calibrate  bsp_xpt2046_lcd.o
    0x08003c28   0x00000064   Code   RO          590    i.XPT2046_WriteCMD  bsp_xpt2046_lcd.o
    0x08003c8c   0x00000020   Code   RO         4459    i.__0printf$6       mc_w.l(printf6.o)
    0x08003cac   0x00000028   Code   RO         4461    i.__0sprintf$6      mc_w.l(printf6.o)
    0x08003cd4   0x0000000e   Code   RO         4627    i.__scatterload_copy  mc_w.l(handlers.o)
    0x08003ce2   0x00000002   Code   RO         4628    i.__scatterload_null  mc_w.l(handlers.o)
    0x08003ce4   0x0000000e   Code   RO         4629    i.__scatterload_zeroinit  mc_w.l(handlers.o)
    0x08003cf2   0x00000002   PAD
    0x08003cf4   0x000002f0   Code   RO         4466    i._printf_core      mc_w.l(printf6.o)
    0x08003fe4   0x00000024   Code   RO         4467    i._printf_post_padding  mc_w.l(printf6.o)
    0x08004008   0x0000002e   Code   RO         4468    i._printf_pre_padding  mc_w.l(printf6.o)
    0x08004036   0x0000000a   Code   RO         4470    i._sputc            mc_w.l(printf6.o)
    0x08004040   0x00000024   Code   RO          740    i.fputc             bsp_usart.o
    0x08004064   0x00000070   Code   RO         3784    i.main              main.o
    0x080040d4   0x00003b60   Data   RO          299    .constdata          fonts.o
    0x08007c34   0x00000100   Data   RO         3992    .constdata          os_core.o
    0x08007d34   0x00000055   Data   RO         3785    .conststring        main.o
    0x08007d89   0x00000003   PAD
    0x08007d8c   0x00000020   Data   RO         4625    Region$$Table       anon$$obj.o


    Execution Region RW_IRAM1 (Base: 0x20000000, Size: 0x00001db8, Max: 0x00010000, ABSOLUTE, COMPRESSED[0x00000100])

    Base Addr    Size         Type   Attr      Idx    E Section Name        Object

    0x20000000   0x00000008   Data   RW           19    .data               palette.o
    0x20000008   0x00000004   Data   RW          199    .data               bsp_spi_flash.o
    0x2000000c   0x00000019   Data   RW          300    .data               fonts.o
    0x20000025   0x00000003   PAD
    0x20000028   0x00000010   Data   RW          356    .data               bsp_ili9341_lcd.o
    0x20000038   0x000000d0   Data   RW          591    .data               bsp_xpt2046_lcd.o
    0x20000108   0x00000014   Data   RW         2414    .data               stm32f10x_rcc.o
    0x2000011c   0x0000003c   Data   RW         3993    .data               os_core.o
    0x20000158   0x00000004   Data   RW         4601    .data               mc_w.l(stdout.o)
    0x2000015c   0x00000180   Zero   RW           18    .bss                palette.o
    0x200002dc   0x00000ad8   Zero   RW         3991    .bss                os_core.o
    0x20000db4   0x00000004   PAD
    0x20000db8   0x00001000   Zero   RW          810    STACK               startup_stm32f10x_hd.o


==============================================================================

Image component sizes


      Code (inc. data)   RO Data    RW Data    ZI Data      Debug   Object Name

         0          0          0          0          0       1444   app.o
      2892        152          0         16          0      17709   bsp_ili9341_lcd.o
        96          6          0          0          0        502   bsp_led.o
      1054        152          0          4          0       7323   bsp_spi_flash.o
       164         12          0          0          0       1131   bsp_usart.o
      3312        202          0        208          0      13664   bsp_xpt2046_lcd.o
         0          0          0          0          0         32   core_cm3.o
        84         10      15200         25          0       2123   fonts.o
       112         54         85          0          0        447   main.o
       424         76        256         60       2776       8294   os_core.o
       164         32          0          0          0        308   os_cpu_a.o
         4          0          0          0          0        820   os_cpu_c.o
      3672        148          0          8        384     254688   palette.o
        36          8        304          0       4096        808   startup_stm32f10x_hd.o
       282          6          0          0          0       1749   stm32f10x_fsmc.o
       304          0          0          0          0       3552   stm32f10x_gpio.o
        62          6          0          0          0       4013   stm32f10x_it.o
       276         32          0         20          0       4325   stm32f10x_rcc.o
       112          0          0          0          0       3706   stm32f10x_spi.o
       274          6          0          0          0       3912   stm32f10x_usart.o
       328         28          0          0          0       1885   system_stm32f10x.o

    ----------------------------------------------------------------------
     13676        930      15880        344       7260     332435   Object Totals
         0          0         32          0          0          0   (incl. Generated)
        24          0          3          3          4          0   (incl. Padding)

    ----------------------------------------------------------------------

      Code (inc. data)   RO Data    RW Data    ZI Data      Debug   Library Member Name

        86          0          0          0          0          0   __dczerorl2.o
         0          0          0          0          0          0   entry.o
         0          0          0          0          0          0   entry10a.o
         0          0          0          0          0          0   entry11a.o
         8          4          0          0          0          0   entry2.o
         4          0          0          0          0          0   entry5.o
         0          0          0          0          0          0   entry7b.o
         0          0          0          0          0          0   entry8b.o
         8          4          0          0          0          0   entry9a.o
        30          0          0          0          0          0   handlers.o
        36          8          0          0          0         68   init.o
         0          0          0          0          0          0   iusefp.o
        30          0          0          0          0         68   llshl.o
        32          0          0          0          0         68   llushr.o
        36          0          0          0          0        108   memseta.o
       916         20          0          0          0        504   printf6.o
         0          0          0          4          0          0   stdout.o
        14          0          0          0          0         68   strlen.o
        44          0          0          0          0         80   uidiv.o
        20          0          0          0          0         68   cfcmple.o
        56          0          0          0          0         88   d2f.o
       222          0          0          0          0        100   ddiv.o
       186          0          0          0          0        176   depilogue.o
       228          0          0          0          0         96   dmul.o
        38          0          0          0          0         68   f2d.o
       176          0          0          0          0        140   fadd.o
       124          0          0          0          0         88   fdiv.o
       110          0          0          0          0        168   fepilogue.o
        50          0          0          0          0         68   ffixi.o
        40          0          0          0          0         68   ffixui.o
        18          0          0          0          0         68   fflti.o
       100          0          0          0          0         76   fmul.o

    ----------------------------------------------------------------------
      2616         36          0          4          0       2236   Library Totals
         4          0          0          0          0          0   (incl. Padding)

    ----------------------------------------------------------------------

      Code (inc. data)   RO Data    RW Data    ZI Data      Debug   Library Name

      1244         36          0          4          0        964   mc_w.l
      1368          0          0          0          0       1272   mf_w.l

    ----------------------------------------------------------------------
      2616         36          0          4          0       2236   Library Totals

    ----------------------------------------------------------------------

==============================================================================


      Code (inc. data)   RO Data    RW Data    ZI Data      Debug   

     16292        966      15880        348       7260     328611   Grand Totals
     16292        966      15880        256       7260     328611   ELF Image Totals (compressed)
     16292        966      15880        256          0          0   ROM Totals

==============================================================================

    Total RO  Size (Code + RO Data)                32172 (  31.42kB)
    Total RW  Size (RW Data + ZI Data)              7608 (   7.43kB)
    Total ROM Size (Code + RO Data + RW Data)      32428 (  31.67kB)

==============================================================================

